Resolving dependencies...
Downloading packages...
  _fe_analyzer_shared 91.0.0 (100.0.0 available)
  analyzer 8.4.0 (13.0.0 available)
  analyzer_buffer 0.1.11 (0.3.2 available)
  analyzer_plugin 0.13.10 (0.14.9 available)
  async 2.13.0 (2.13.1 available)
  build 4.0.3 (4.0.6 available)
  build_config 1.2.0 (1.3.0 available)
  build_runner 2.10.4 (2.15.0 available)
  built_value 8.12.1 (8.12.6 available)
  characters 1.4.0 (1.4.1 available)
  code_builder 4.11.0 (4.11.1 available)
  custom_lint_core 0.8.1 (0.8.2 available)
  custom_lint_visitor 1.0.0+8.4.0 (1.0.0+9.0.0 available)
  dart_style 3.1.3 (3.1.9 available)
  dio 5.9.0 (5.9.2 available)
  dio_web_adapter 2.1.1 (2.1.2 available)
  ffi 2.1.4 (2.2.0 available)
  flutter_riverpod 3.0.3 (3.3.1 available)
  flutter_secure_storage 9.2.4 (10.2.0 available)
  flutter_secure_storage_linux 1.2.3 (3.0.0 available)
  flutter_secure_storage_macos 3.1.3 (4.0.0 available)
  flutter_secure_storage_platform_interface 1.1.2 (2.0.1 available)
  flutter_secure_storage_web 1.2.1 (2.1.1 available)
  flutter_secure_storage_windows 3.1.2 (4.2.1 available)
  freezed 3.2.3 (3.2.5 available)
  go_router 17.0.0 (17.2.3 available)
  hotreloader 4.3.0 (4.4.0 available)
  js 0.6.7 (0.7.2 available)
  json_annotation 4.9.0 (4.12.0 available)
  json_serializable 6.11.2 (6.14.0 available)
  lean_builder 0.1.3 (0.1.10 available)
  lints 6.0.0 (6.1.0 available)
  matcher 0.12.17 (0.12.20 available)
  material_color_utilities 0.11.1 (0.13.0 available)
  meta 1.17.0 (1.18.2 available)
  mockito 5.6.1 (5.7.0 available)
  mocktail 1.0.4 (1.0.5 available)
  objective_c 9.1.0 (9.3.0 available)
  path_provider_android 2.2.22 (2.3.1 available)
  path_provider_foundation 2.5.0 (retracted, 2.6.0 available)
  protobuf 5.1.0 (6.0.0 available)
  retrofit 4.9.1 (4.9.2 available)
  retrofit_generator 10.2.0 (10.2.6 available)
  riverpod 3.0.3 (3.2.1 available)
  riverpod_analyzer_utils 1.0.0-dev.7 (1.0.0-dev.10 available)
  riverpod_annotation 3.0.3 (4.0.2 available)
  riverpod_generator 3.0.3 (4.0.3 available)
  source_gen 4.1.1 (4.2.3 available)
  source_helper 1.3.8 (1.3.12 available)
  source_span 1.10.1 (1.10.2 available)
  test 1.26.3 (1.31.1 available)
  test_api 0.7.7 (0.7.12 available)
  test_core 0.6.12 (0.6.18 available)
  vector_math 2.2.0 (2.3.0 available)
  vm_service 15.0.2 (15.2.0 available)
  watcher 1.1.4 (1.2.1 available)
  win32 5.15.0 (6.2.0 available)
Got dependencies!
57 packages have newer versions incompatible with dependency constraints.
Try `flutter pub outdated` for more information.
00:00 +0: loading /Users/santy/Projects/devteam/code/devteam/frontend/test/core/routing/project_dashboard_routes_test.dart                                                                             00:01 +0: loading /Users/santy/Projects/devteam/code/devteam/frontend/test/core/routing/project_dashboard_routes_test.dart                                                                             00:01 +0: /projects/:id/settings показывает ProjectSettingsScreen                                                                                                                                      00:01 +0: /projects/:id/settings показывает ProjectSettingsScreen                                                                                                                                      
Pending timers:
Timer (duration: 0:00:00.000000, periodic: false), created:
#0      new FakeTimer._ (package:fake_async/fake_async.dart:342:62)
#1      FakeAsync._createTimer (package:fake_async/fake_async.dart:260:29)
#2      FakeAsync.run.<anonymous closure> (package:fake_async/fake_async.dart:185:15)
#5      _UncontrolledProviderScopeState._flutterVsync (package:flutter_riverpod/src/core/provider_scope.dart:316:19)
#6      ProviderScheduler.vsync.<anonymous closure> (package:riverpod/src/core/scheduler.dart:53:23)
#7      ProviderScheduler._scheduleTask (package:riverpod/src/core/scheduler.dart:97:20)
#8      ProviderScheduler.scheduleProviderDispose (package:riverpod/src/core/scheduler.dart:152:5)
#9      ProviderElement.mayNeedDispose (package:riverpod/src/core/element.dart:1128:29)
#10     ProviderElement._onChangeSubscription (package:riverpod/src/core/element.dart:1106:7)
#11     ProviderElement.removeDependentSubscription (package:riverpod/src/core/element.dart:957:5)
#12     ProviderSubscriptionImpl.close (package:riverpod/src/core/provider_subscription.dart:207:22)
#13     ConsumerStatefulElement.unmount (package:flutter_riverpod/src/core/consumer.dart:470:18)
#14     _InactiveElements._unmount (package:flutter/src/widgets/framework.dart:2117:13)
#15     _InactiveElements._unmount.<anonymous closure> (package:flutter/src/widgets/framework.dart:2115:7)
#16     SingleChildRenderObjectElement.visitChildren (package:flutter/src/widgets/framework.dart:7104:14)
#17     _InactiveElements._unmount (package:flutter/src/widgets/framework.dart:2113:13)
#18     _InactiveElements._unmount.<anonymous closure> (package:flutter/src/widgets/framework.dart:2115:7)
#19     ComponentElement.visitChildren (package:flutter/src/widgets/framework.dart:5874:14)
#20     _InactiveElements._unmount (package:flutter/src/widgets/framework.dart:2113:13)
#21     _InactiveElements._unmount.<anonymous closure> (package:flutter/src/widgets/framework.dart:2115:7)
#22     SingleChildRenderObjectElement.visitChildren (package:flutter/src/widgets/framework.dart:7104:14)
#23     _InactiveElements._unmount (package:flutter/src/widgets/framework.dart:2113:13)
#24     _InactiveElements._unmount.<anonymous closure> (package:flutter/src/widgets/framework.dart:2115:7)
#25     SingleChildRenderObjectElement.visitChildren (package:flutter/src/widgets/framework.dart:7104:14)
#26     _InactiveElements._unmount (package:flutter/src/widgets/framework.dart:2113:13)
#27     _InactiveElements._unmount.<anonymous closure> (package:flutter/src/widgets/framework.dart:2115:7)
#28     ComponentElement.visitChildren (package:flutter/src/widgets/framework.dart:5874:14)
#29     _InactiveElements._unmount (package:flutter/src/widgets/framework.dart:2113:13)
#30     _InactiveElements._unmount.<anonymous closure> (package:flutter/src/widgets/framework.dart:2115:7)
#31     ComponentElement.visitChildren (package:flutter/src/widgets/framework.dart:5874:14)
#32     _InactiveElements._unmount (package:flutter/src/widgets/framework.dart:2113:13)
#33     _InactiveElements._unmount.<anonymous closure> (package:flutter/src/widgets/framework.dart:2115:7)
#34     SingleChildRenderObjectElement.visitChildren (package:flutter/src/widgets/framework.dart:7104:14)
#35     _InactiveElements._unmount (package:flutter/src/widgets/framework.dart:2113:13)
#36     _InactiveElements._unmount.<anonymous closure> (package:flutter/src/widgets/framework.dart:2115:7)
#37     ComponentElement.visitChildren (package:flutter/src/widgets/framework.dart:5874:14)
#38     _InactiveElements._unmount (package:flutter/src/widgets/framework.dart:2113:13)
#39     _InactiveElements._unmount.<anonymous closure> (package:flutter/src/widgets/framework.dart:2115:7)
#40     SingleChildRenderObjectElement.visitChildren (package:flutter/src/widgets/framework.dart:7104:14)
#41     _InactiveElements._unmount (package:flutter/src/widgets/framework.dart:2113:13)
#42     _InactiveElements._unmount.<anonymous closure> (package:flutter/src/widgets/framework.dart:2115:7)
#43     ComponentElement.visitChildren (package:flutter/src/widgets/framework.dart:5874:14)
#44     _InactiveElements._unmount (package:flutter/src/widgets/framework.dart:2113:13)
#45     _InactiveElements._unmount.<anonymous closure> (package:flutter/src/widgets/framework.dart:2115:7)
#46     ComponentElement.visitChildren (package:flutter/src/widgets/framework.dart:5874:14)
#47     _InactiveElements._unmount (package:flutter/src/widgets/framework.dart:2113:13)
#48     _InactiveElements._unmount.<anonymous closure> (package:flutter/src/widgets/framework.dart:2115:7)
#49     ComponentElement.visitChildren (package:flutter/src/widgets/framework.dart:5874:14)
#50     _InactiveElements._unmount (package:flutter/src/widgets/framework.dart:2113:13)
#51     _InactiveElements._unmount.<anonymous closure> (package:flutter/src/widgets/framework.dart:2115:7)
#52     ComponentElement.visitChildren (package:flutter/src/widgets/framework.dart:5874:14)
#53     _InactiveElements._unmount (package:flutter/src/widgets/framework.dart:2113:13)
#54     _InactiveElements._unmount.<anonymous closure> (package:flutter/src/widgets/framework.dart:2115:7)
#55     ComponentElement.visitChildren (package:flutter/src/widgets/framework.dart:5874:14)
#56     _InactiveElements._unmount (package:flutter/src/widgets/framework.dart:2113:13)
#57     _InactiveElements._unmount.<anonymous closure> (package:flutter/src/widgets/framework.dart:2115:7)
#58     ComponentElement.visitChildren (package:flutter/src/widgets/framework.dart:5874:14)
#59     _InactiveElements._unmount (package:flutter/src/widgets/framework.dart:2113:13)
#60     _InactiveElements._unmount.<anonymous closure> (package:flutter/src/widgets/framework.dart:2115:7)
#61     SingleChildRenderObjectElement.visitChildren (package:flutter/src/widgets/framework.dart:7104:14)
#62     _InactiveElements._unmount (package:flutter/src/widgets/framework.dart:2113:13)
#63     _InactiveElements._unmount.<anonymous closure> (package:flutter/src/widgets/framework.dart:2115:7)
#64     ComponentElement.visitChildren (package:flutter/src/widgets/framework.dart:5874:14)
#65     _InactiveElements._unmount (package:flutter/src/widgets/framework.dart:2113:13)
#66     _InactiveElements._unmount.<anonymous closure> (package:flutter/src/widgets/framework.dart:2115:7)
#67     ComponentElement.visitChildren (package:flutter/src/widgets/framework.dart:5874:14)
#68     _InactiveElements._unmount (package:flutter/src/widgets/framework.dart:2113:13)
#69     _InactiveElements._unmount.<anonymous closure> (package:flutter/src/widgets/framework.dart:2115:7)
#70     ComponentElement.visitChildren (package:flutter/src/widgets/framework.dart:5874:14)
#71     _InactiveElements._unmount (package:flutter/src/widgets/framework.dart:2113:13)
#72     _InactiveElements._unmount.<anonymous closure> (package:flutter/src/widgets/framework.dart:2115:7)
#73     ComponentElement.visitChildren (package:flutter/src/widgets/framework.dart:5874:14)
#74     _InactiveElements._unmount (package:flutter/src/widgets/framework.dart:2113:13)
#75     _InactiveElements._unmount.<anonymous closure> (package:flutter/src/widgets/framework.dart:2115:7)
#76     ComponentElement.visitChildren (package:flutter/src/widgets/framework.dart:5874:14)
#77     _InactiveElements._unmount (package:flutter/src/widgets/framework.dart:2113:13)
#78     _InactiveElements._unmount.<anonymous closure> (package:flutter/src/widgets/framework.dart:2115:7)
#79     SingleChildRenderObjectElement.visitChildren (package:flutter/src/widgets/framework.dart:7104:14)
#80     _InactiveElements._unmount (package:flutter/src/widgets/framework.dart:2113:13)
#81     _InactiveElements._unmount.<anonymous closure> (package:flutter/src/widgets/framework.dart:2115:7)
#82     ComponentElement.visitChildren (package:flutter/src/widgets/framework.dart:5874:14)
#83     _InactiveElements._unmount (package:flutter/src/widgets/framework.dart:2113:13)
#84     _InactiveElements._unmount.<anonymous closure> (package:flutter/src/widgets/framework.dart:2115:7)
#85     ComponentElement.visitChildren (package:flutter/src/widgets/framework.dart:5874:14)
#86     _InactiveElements._unmount (package:flutter/src/widgets/framework.dart:2113:13)
#87     _InactiveElements._unmount.<anonymous closure> (package:flutter/src/widgets/framework.dart:2115:7)
#88     ComponentElement.visitChildren (package:flutter/src/widgets/framework.dart:5874:14)
#89     _InactiveElements._unmount (package:flutter/src/widgets/framework.dart:2113:13)
#90     _InactiveElements._unmount.<anonymous closure> (package:flutter/src/widgets/framework.dart:2115:7)
#91     ComponentElement.visitChildren (package:flutter/src/widgets/framework.dart:5874:14)
#92     _InactiveElements._unmount (package:flutter/src/widgets/framework.dart:2113:13)
#93     _InactiveElements._unmount.<anonymous closure> (package:flutter/src/widgets/framework.dart:2115:7)
#94     ComponentElement.visitChildren (package:flutter/src/widgets/framework.dart:5874:14)
#95     _InactiveElements._unmount (package:flutter/src/widgets/framework.dart:2113:13)
#96     _InactiveElements._unmount.<anonymous closure> (package:flutter/src/widgets/framework.dart:2115:7)
#97     MultiChildRenderObjectElement.visitChildren (package:flutter/src/widgets/framework.dart:7228:16)
#98     _InactiveElements._unmount (package:flutter/src/widgets/framework.dart:2113:13)
#99     _InactiveElements._unmount.<anonymous closure> (package:flutter/src/widgets/framework.dart:2115:7)
#100    ComponentElement.visitChildren (package:flutter/src/widgets/framework.dart:5874:14)
#101    _InactiveElements._unmount (package:flutter/src/widgets/framework.dart:2113:13)
#102    _InactiveElements._unmount.<anonymous closure> (package:flutter/src/widgets/framework.dart:2115:7)
#103    ComponentElement.visitChildren (package:flutter/src/widgets/framework.dart:5874:14)
#104    _InactiveElements._unmount (package:flutter/src/widgets/framework.dart:2113:13)
#105    _InactiveElements._unmount.<anonymous closure> (package:flutter/src/widgets/framework.dart:2115:7)
#106    ComponentElement.visitChildren (package:flutter/src/widgets/framework.dart:5874:14)
#107    _InactiveElements._unmount (package:flutter/src/widgets/framework.dart:2113:13)
#108    _InactiveElements._unmount.<anonymous closure> (package:flutter/src/widgets/framework.dart:2115:7)
#109    ComponentElement.visitChildren (package:flutter/src/widgets/framework.dart:5874:14)
#110    _InactiveElements._unmount (package:flutter/src/widgets/framework.dart:2113:13)
#111    _InactiveElements._unmount.<anonymous closure> (package:flutter/src/widgets/framework.dart:2115:7)
#112    ComponentElement.visitChildren (package:flutter/src/widgets/framework.dart:5874:14)
#113    _InactiveElements._unmount (package:flutter/src/widgets/framework.dart:2113:13)
#114    _InactiveElements._unmount.<anonymous closure> (package:flutter/src/widgets/framework.dart:2115:7)
#115    ComponentElement.visitChildren (package:flutter/src/widgets/framework.dart:5874:14)
#116    _InactiveElements._unmount (package:flutter/src/widgets/framework.dart:2113:13)
#117    _InactiveElements._unmount.<anonymous closure> (package:flutter/src/widgets/framework.dart:2115:7)
#118    ComponentElement.visitChildren (package:flutter/src/widgets/framework.dart:5874:14)
#119    _InactiveElements._unmount (package:flutter/src/widgets/framework.dart:2113:13)
#120    _InactiveElements._unmount.<anonymous closure> (package:flutter/src/widgets/framework.dart:2115:7)
#121    SingleChildRenderObjectElement.visitChildren (package:flutter/src/widgets/framework.dart:7104:14)
#122    _InactiveElements._unmount (package:flutter/src/widgets/framework.dart:2113:13)
#123    _InactiveElements._unmount.<anonymous closure> (package:flutter/src/widgets/framework.dart:2115:7)
#124    SingleChildRenderObjectElement.visitChildren (package:flutter/src/widgets/framework.dart:7104:14)
#125    _InactiveElements._unmount (package:flutter/src/widgets/framework.dart:2113:13)
#126    _InactiveElements._unmount.<anonymous closure> (package:flutter/src/widgets/framework.dart:2115:7)
#127    ComponentElement.visitChildren (package:flutter/src/widgets/framework.dart:5874:14)
#128    _InactiveElements._unmount (package:flutter/src/widgets/framework.dart:2113:13)
#129    _InactiveElements._unmount.<anonymous closure> (package:flutter/src/widgets/framework.dart:2115:7)
#130    ComponentElement.visitChildren (package:flutter/src/widgets/framework.dart:5874:14)
#131    _InactiveElements._unmount (package:flutter/src/widgets/framework.dart:2113:13)
#132    _InactiveElements._unmount.<anonymous closure> (package:flutter/src/widgets/framework.dart:2115:7)
#133    ComponentElement.visitChildren (package:flutter/src/widgets/framework.dart:5874:14)
#134    _InactiveElements._unmount (package:flutter/src/widgets/framework.dart:2113:13)
#135    _InactiveElements._unmount.<anonymous closure> (package:flutter/src/widgets/framework.dart:2115:7)
#136    ComponentElement.visitChildren (package:flutter/src/widgets/framework.dart:5874:14)
#137    _InactiveElements._unmount (package:flutter/src/widgets/framework.dart:2113:13)
#138    _InactiveElements._unmount.<anonymous closure> (package:flutter/src/widgets/framework.dart:2115:7)
#139    ComponentElement.visitChildren (package:flutter/src/widgets/framework.dart:5874:14)
#140    _InactiveElements._unmount (package:flutter/src/widgets/framework.dart:2113:13)
#141    _InactiveElements._unmount.<anonymous closure> (package:flutter/src/widgets/framework.dart:2115:7)
#142    ComponentElement.visitChildren (package:flutter/src/widgets/framework.dart:5874:14)
#143    _InactiveElements._unmount (package:flutter/src/widgets/framework.dart:2113:13)
#144    _InactiveElements._unmount.<anonymous closure> (package:flutter/src/widgets/framework.dart:2115:7)
#145    ComponentElement.visitChildren (package:flutter/src/widgets/framework.dart:5874:14)
#146    _InactiveElements._unmount (package:flutter/src/widgets/framework.dart:2113:13)
#147    _InactiveElements._unmount.<anonymous closure> (package:flutter/src/widgets/framework.dart:2115:7)
#148    ComponentElement.visitChildren (package:flutter/src/widgets/framework.dart:5874:14)
#149    _InactiveElements._unmount (package:flutter/src/widgets/framework.dart:2113:13)
#150    _InactiveElements._unmount.<anonymous closure> (package:flutter/src/widgets/framework.dart:2115:7)
#151    ComponentElement.visitChildren (package:flutter/src/widgets/framework.dart:5874:14)
#152    _InactiveElements._unmount (package:flutter/src/widgets/framework.dart:2113:13)
#153    _InactiveElements._unmount.<anonymous closure> (package:flutter/src/widgets/framework.dart:2115:7)
#154    MultiChildRenderObjectElement.visitChildren (package:flutter/src/widgets/framework.dart:7228:16)
#155    _InactiveElements._unmount (package:flutter/src/widgets/framework.dart:2113:13)
#156    _InactiveElements._unmount.<anonymous closure> (package:flutter/src/widgets/framework.dart:2115:7)
#157    ComponentElement.visitChildren (package:flutter/src/widgets/framework.dart:5874:14)
#158    _InactiveElements._unmount (package:flutter/src/widgets/framework.dart:2113:13)
#159    _InactiveElements._unmount.<anonymous closure> (package:flutter/src/widgets/framework.dart:2115:7)
#160    MultiChildRenderObjectElement.visitChildren (package:flutter/src/widgets/framework.dart:7228:16)
#161    _InactiveElements._unmount (package:flutter/src/widgets/framework.dart:2113:13)
#162    _InactiveElements._unmount.<anonymous closure> (package:flutter/src/widgets/framework.dart:2115:7)
#163    ComponentElement.visitChildren (package:flutter/src/widgets/framework.dart:5874:14)
#164    _InactiveElements._unmount (package:flutter/src/widgets/framework.dart:2113:13)
#165    _InactiveElements._unmount.<anonymous closure> (package:flutter/src/widgets/framework.dart:2115:7)
#166    ComponentElement.visitChildren (package:flutter/src/widgets/framework.dart:5874:14)
#167    _InactiveElements._unmount (package:flutter/src/widgets/framework.dart:2113:13)
#168    _InactiveElements._unmount.<anonymous closure> (package:flutter/src/widgets/framework.dart:2115:7)
#169    ComponentElement.visitChildren (package:flutter/src/widgets/framework.dart:5874:14)
#170    _InactiveElements._unmount (package:flutter/src/widgets/framework.dart:2113:13)
#171    _InactiveElements._unmount.<anonymous closure> (package:flutter/src/widgets/framework.dart:2115:7)
#172    ComponentElement.visitChildren (package:flutter/src/widgets/framework.dart:5874:14)
#173    _InactiveElements._unmount (package:flutter/src/widgets/framework.dart:2113:13)
#174    _InactiveElements._unmount.<anonymous closure> (package:flutter/src/widgets/framework.dart:2115:7)
#175    ComponentElement.visitChildren (package:flutter/src/widgets/framework.dart:5874:14)
#176    _InactiveElements._unmount (package:flutter/src/widgets/framework.dart:2113:13)
#177    _InactiveElements._unmount.<anonymous closure> (package:flutter/src/widgets/framework.dart:2115:7)
#178    MultiChildRenderObjectElement.visitChildren (package:flutter/src/widgets/framework.dart:7228:16)
#179    _InactiveElements._unmount (package:flutter/src/widgets/framework.dart:2113:13)
#180    _InactiveElements._unmount.<anonymous closure> (package:flutter/src/widgets/framework.dart:2115:7)
#181    ComponentElement.visitChildren (package:flutter/src/widgets/framework.dart:5874:14)
#182    _InactiveElements._unmount (package:flutter/src/widgets/framework.dart:2113:13)
#183    _InactiveElements._unmount.<anonymous closure> (package:flutter/src/widgets/framework.dart:2115:7)
#184    ComponentElement.visitChildren (package:flutter/src/widgets/framework.dart:5874:14)
#185    _InactiveElements._unmount (package:flutter/src/widgets/framework.dart:2113:13)
#186    _InactiveElements._unmount.<anonymous closure> (package:flutter/src/widgets/framework.dart:2115:7)
#187    ComponentElement.visitChildren (package:flutter/src/widgets/framework.dart:5874:14)
#188    _InactiveElements._unmount (package:flutter/src/widgets/framework.dart:2113:13)
#189    _InactiveElements._unmount.<anonymous closure> (package:flutter/src/widgets/framework.dart:2115:7)
#190    ComponentElement.visitChildren (package:flutter/src/widgets/framework.dart:5874:14)
#191    _InactiveElements._unmount (package:flutter/src/widgets/framework.dart:2113:13)
#192    _InactiveElements._unmount.<anonymous closure> (package:flutter/src/widgets/framework.dart:2115:7)
#193    ComponentElement.visitChildren (package:flutter/src/widgets/framework.dart:5874:14)
#194    _InactiveElements._unmount (package:flutter/src/widgets/framework.dart:2113:13)
#195    _InactiveElements._unmount.<anonymous closure> (package:flutter/src/widgets/framework.dart:2115:7)
#196    SingleChildRenderObjectElement.visitChildren (package:flutter/src/widgets/framework.dart:7104:14)
#197    _InactiveElements._unmount (package:flutter/src/widgets/framework.dart:2113:13)
#198    _InactiveElements._unmount.<anonymous closure> (package:flutter/src/widgets/framework.dart:2115:7)
#199    ComponentElement.visitChildren (package:flutter/src/widgets/framework.dart:5874:14)
#200    _InactiveElements._unmount (package:flutter/src/widgets/framework.dart:2113:13)
#201    _InactiveElements._unmount.<anonymous closure> (package:flutter/src/widgets/framework.dart:2115:7)
#202    SingleChildRenderObjectElement.visitChildren (package:flutter/src/widgets/framework.dart:7104:14)
#203    _InactiveElements._unmount (package:flutter/src/widgets/framework.dart:2113:13)
#204    _InactiveElements._unmount.<anonymous closure> (package:flutter/src/widgets/framework.dart:2115:7)
#205    ComponentElement.visitChildren (package:flutter/src/widgets/framework.dart:5874:14)
#206    _InactiveElements._unmount (package:flutter/src/widgets/framework.dart:2113:13)
#207    _InactiveElements._unmount.<anonymous closure> (package:flutter/src/widgets/framework.dart:2115:7)
#208    ComponentElement.visitChildren (package:flutter/src/widgets/framework.dart:5874:14)
#209    _InactiveElements._unmount (package:flutter/src/widgets/framework.dart:2113:13)
#210    _InactiveElements._unmount.<anonymous closure> (package:flutter/src/widgets/framework.dart:2115:7)
#211    ComponentElement.visitChildren (package:flutter/src/widgets/framework.dart:5874:14)
#212    _InactiveElements._unmount (package:flutter/src/widgets/framework.dart:2113:13)
#213    _InactiveElements._unmount.<anonymous closure> (package:flutter/src/widgets/framework.dart:2115:7)
#214    ComponentElement.visitChildren (package:flutter/src/widgets/framework.dart:5874:14)
#215    _InactiveElements._unmount (package:flutter/src/widgets/framework.dart:2113:13)
#216    _InactiveElements._unmount.<anonymous closure> (package:flutter/src/widgets/framework.dart:2115:7)
#217    ComponentElement.visitChildren (package:flutter/src/widgets/framework.dart:5874:14)
#218    _InactiveElements._unmount (package:flutter/src/widgets/framework.dart:2113:13)
#219    _InactiveElements._unmount.<anonymous closure> (package:flutter/src/widgets/framework.dart:2115:7)
#220    ComponentElement.visitChildren (package:flutter/src/widgets/framework.dart:5874:14)
#221    _InactiveElements._unmount (package:flutter/src/widgets/framework.dart:2113:13)
#222    _InactiveElements._unmount.<anonymous closure> (package:flutter/src/widgets/framework.dart:2115:7)
#223    ComponentElement.visitChildren (package:flutter/src/widgets/framework.dart:5874:14)
#224    _InactiveElements._unmount (package:flutter/src/widgets/framework.dart:2113:13)
#225    _InactiveElements._unmount.<anonymous closure> (package:flutter/src/widgets/framework.dart:2115:7)
#226    ComponentElement.visitChildren (package:flutter/src/widgets/framework.dart:5874:14)
#227    _InactiveElements._unmount (package:flutter/src/widgets/framework.dart:2113:13)
#228    _InactiveElements._unmount.<anonymous closure> (package:flutter/src/widgets/framework.dart:2115:7)
#229    ComponentElement.visitChildren (package:flutter/src/widgets/framework.dart:5874:14)
#230    _InactiveElements._unmount (package:flutter/src/widgets/framework.dart:2113:13)
#231    _InactiveElements._unmount.<anonymous closure> (package:flutter/src/widgets/framework.dart:2115:7)
#232    ComponentElement.visitChildren (package:flutter/src/widgets/framework.dart:5874:14)
#233    _InactiveElements._unmount (package:flutter/src/widgets/framework.dart:2113:13)
#234    _InactiveElements._unmount.<anonymous closure> (package:flutter/src/widgets/framework.dart:2115:7)
#235    SingleChildRenderObjectElement.visitChildren (package:flutter/src/widgets/framework.dart:7104:14)
#236    _InactiveElements._unmount (package:flutter/src/widgets/framework.dart:2113:13)
#237    _InactiveElements._unmount.<anonymous closure> (package:flutter/src/widgets/framework.dart:2115:7)
#238    ComponentElement.visitChildren (package:flutter/src/widgets/framework.dart:5874:14)
#239    _InactiveElements._unmount (package:flutter/src/widgets/framework.dart:2113:13)
#240    _InactiveElements._unmount.<anonymous closure> (package:flutter/src/widgets/framework.dart:2115:7)
#241    SingleChildRenderObjectElement.visitChildren (package:flutter/src/widgets/framework.dart:7104:14)
#242    _InactiveElements._unmount (package:flutter/src/widgets/framework.dart:2113:13)
#243    _InactiveElements._unmount.<anonymous closure> (package:flutter/src/widgets/framework.dart:2115:7)
#244    SingleChildRenderObjectElement.visitChildren (package:flutter/src/widgets/framework.dart:7104:14)
#245    _InactiveElements._unmount (package:flutter/src/widgets/framework.dart:2113:13)
#246    _InactiveElements._unmount.<anonymous closure> (package:flutter/src/widgets/framework.dart:2115:7)
#247    ComponentElement.visitChildren (package:flutter/src/widgets/framework.dart:5874:14)
#248    _InactiveElements._unmount (package:flutter/src/widgets/framework.dart:2113:13)
#249    _InactiveElements._unmount.<anonymous closure> (package:flutter/src/widgets/framework.dart:2115:7)
#250    SingleChildRenderObjectElement.visitChildren (package:flutter/src/widgets/framework.dart:7104:14)
#251    _InactiveElements._unmount (package:flutter/src/widgets/framework.dart:2113:13)
#252    _InactiveElements._unmount.<anonymous closure> (package:flutter/src/widgets/framework.dart:2115:7)
#253    ComponentElement.visitChildren (package:flutter/src/widgets/framework.dart:5874:14)
#254    _InactiveElements._unmount (package:flutter/src/widgets/framework.dart:2113:13)
#255    _InactiveElements._unmount.<anonymous closure> (package:flutter/src/widgets/framework.dart:2115:7)
#256    SingleChildRenderObjectElement.visitChildren (package:flutter/src/widgets/framework.dart:7104:14)
#257    _InactiveElements._unmount (package:flutter/src/widgets/framework.dart:2113:13)
#258    _InactiveElements._unmount.<anonymous closure> (package:flutter/src/widgets/framework.dart:2115:7)
#259    SingleChildRenderObjectElement.visitChildren (package:flutter/src/widgets/framework.dart:7104:14)
#260    _InactiveElements._unmount (package:flutter/src/widgets/framework.dart:2113:13)
#261    _InactiveElements._unmount.<anonymous closure> (package:flutter/src/widgets/framework.dart:2115:7)
#262    ComponentElement.visitChildren (package:flutter/src/widgets/framework.dart:5874:14)
#263    _InactiveElements._unmount (package:flutter/src/widgets/framework.dart:2113:13)
#264    _InactiveElements._unmount.<anonymous closure> (package:flutter/src/widgets/framework.dart:2115:7)
#265    SingleChildRenderObjectElement.visitChildren (package:flutter/src/widgets/framework.dart:7104:14)
#266    _InactiveElements._unmount (package:flutter/src/widgets/framework.dart:2113:13)
#267    _InactiveElements._unmount.<anonymous closure> (package:flutter/src/widgets/framework.dart:2115:7)
#268    ComponentElement.visitChildren (package:flutter/src/widgets/framework.dart:5874:14)
#269    _InactiveElements._unmount (package:flutter/src/widgets/framework.dart:2113:13)
#270    _InactiveElements._unmount.<anonymous closure> (package:flutter/src/widgets/framework.dart:2115:7)
#271    SingleChildRenderObjectElement.visitChildren (package:flutter/src/widgets/framework.dart:7104:14)
#272    _InactiveElements._unmount (package:flutter/src/widgets/framework.dart:2113:13)
#273    _InactiveElements._unmount.<anonymous closure> (package:flutter/src/widgets/framework.dart:2115:7)
#274    SingleChildRenderObjectElement.visitChildren (package:flutter/src/widgets/framework.dart:7104:14)
#275    _InactiveElements._unmount (package:flutter/src/widgets/framework.dart:2113:13)
#276    _InactiveElements._unmount.<anonymous closure> (package:flutter/src/widgets/framework.dart:2115:7)
#277    ComponentElement.visitChildren (package:flutter/src/widgets/framework.dart:5874:14)
#278    _InactiveElements._unmount (package:flutter/src/widgets/framework.dart:2113:13)
#279    _InactiveElements._unmount.<anonymous closure> (package:flutter/src/widgets/framework.dart:2115:7)
#280    SingleChildRenderObjectElement.visitChildren (package:flutter/src/widgets/framework.dart:7104:14)
#281    _InactiveElements._unmount (package:flutter/src/widgets/framework.dart:2113:13)
#282    _InactiveElements._unmount.<anonymous closure> (package:flutter/src/widgets/framework.dart:2115:7)
#283    SingleChildRenderObjectElement.visitChildren (package:flutter/src/widgets/framework.dart:7104:14)
#284    _InactiveElements._unmount (package:flutter/src/widgets/framework.dart:2113:13)
#285    _InactiveElements._unmount.<anonymous closure> (package:flutter/src/widgets/framework.dart:2115:7)
#286    SingleChildRenderObjectElement.visitChildren (package:flutter/src/widgets/framework.dart:7104:14)
#287    _InactiveElements._unmount (package:flutter/src/widgets/framework.dart:2113:13)
#288    _InactiveElements._unmount.<anonymous closure> (package:flutter/src/widgets/framework.dart:2115:7)
#289    ComponentElement.visitChildren (package:flutter/src/widgets/framework.dart:5874:14)
#290    _InactiveElements._unmount (package:flutter/src/widgets/framework.dart:2113:13)
#291    _InactiveElements._unmount.<anonymous closure> (package:flutter/src/widgets/framework.dart:2115:7)
#292    SingleChildRenderObjectElement.visitChildren (package:flutter/src/widgets/framework.dart:7104:14)
#293    _InactiveElements._unmount (package:flutter/src/widgets/framework.dart:2113:13)
#294    _InactiveElements._unmount.<anonymous closure> (package:flutter/src/widgets/framework.dart:2115:7)
#295    ComponentElement.visitChildren (package:flutter/src/widgets/framework.dart:5874:14)
#296    _InactiveElements._unmount (package:flutter/src/widgets/framework.dart:2113:13)
#297    _InactiveElements._unmount.<anonymous closure> (package:flutter/src/widgets/framework.dart:2115:7)
#298    ComponentElement.visitChildren (package:flutter/src/widgets/framework.dart:5874:14)
#299    _InactiveElements._unmount (package:flutter/src/widgets/framework.dart:2113:13)
#300    _InactiveElements._unmount.<anonymous closure> (package:flutter/src/widgets/framework.dart:2115:7)
#301    ComponentElement.visitChildren (package:flutter/src/widgets/framework.dart:5874:14)
#302    _InactiveElements._unmount (package:flutter/src/widgets/framework.dart:2113:13)
#303    _InactiveElements._unmount.<anonymous closure> (package:flutter/src/widgets/framework.dart:2115:7)
#304    ComponentElement.visitChildren (package:flutter/src/widgets/framework.dart:5874:14)
#305    _InactiveElements._unmount (package:flutter/src/widgets/framework.dart:2113:13)
#306    _InactiveElements._unmount.<anonymous closure> (package:flutter/src/widgets/framework.dart:2115:7)
#307    ComponentElement.visitChildren (package:flutter/src/widgets/framework.dart:5874:14)
#308    _InactiveElements._unmount (package:flutter/src/widgets/framework.dart:2113:13)
#309    _InactiveElements._unmount.<anonymous closure> (package:flutter/src/widgets/framework.dart:2115:7)
#310    SingleChildRenderObjectElement.visitChildren (package:flutter/src/widgets/framework.dart:7104:14)
#311    _InactiveElements._unmount (package:flutter/src/widgets/framework.dart:2113:13)
#312    _InactiveElements._unmount.<anonymous closure> (package:flutter/src/widgets/framework.dart:2115:7)
#313    ComponentElement.visitChildren (package:flutter/src/widgets/framework.dart:5874:14)
#314    _InactiveElements._unmount (package:flutter/src/widgets/framework.dart:2113:13)
#315    _InactiveElements._unmount.<anonymous closure> (package:flutter/src/widgets/framework.dart:2115:7)
#316    SingleChildRenderObjectElement.visitChildren (package:flutter/src/widgets/framework.dart:7104:14)
#317    _InactiveElements._unmount (package:flutter/src/widgets/framework.dart:2113:13)
#318    _InactiveElements._unmount.<anonymous closure> (package:flutter/src/widgets/framework.dart:2115:7)
#319    ComponentElement.visitChildren (package:flutter/src/widgets/framework.dart:5874:14)
#320    _InactiveElements._unmount (package:flutter/src/widgets/framework.dart:2113:13)
#321    _InactiveElements._unmount.<anonymous closure> (package:flutter/src/widgets/framework.dart:2115:7)
#322    ComponentElement.visitChildren (package:flutter/src/widgets/framework.dart:5874:14)
#323    _InactiveElements._unmount (package:flutter/src/widgets/framework.dart:2113:13)
#324    _InactiveElements._unmount.<anonymous closure> (package:flutter/src/widgets/framework.dart:2115:7)
#325    ComponentElement.visitChildren (package:flutter/src/widgets/framework.dart:5874:14)
#326    _InactiveElements._unmount (package:flutter/src/widgets/framework.dart:2113:13)
#327    _InactiveElements._unmount.<anonymous closure> (package:flutter/src/widgets/framework.dart:2115:7)
#328    ComponentElement.visitChildren (package:flutter/src/widgets/framework.dart:5874:14)
#329    _InactiveElements._unmount (package:flutter/src/widgets/framework.dart:2113:13)
#330    _InactiveElements._unmount.<anonymous closure> (package:flutter/src/widgets/framework.dart:2115:7)
#331    ComponentElement.visitChildren (package:flutter/src/widgets/framework.dart:5874:14)
#332    _InactiveElements._unmount (package:flutter/src/widgets/framework.dart:2113:13)
#333    _InactiveElements._unmount.<anonymous closure> (package:flutter/src/widgets/framework.dart:2115:7)
#334    ComponentElement.visitChildren (package:flutter/src/widgets/framework.dart:5874:14)
#335    _InactiveElements._unmount (package:flutter/src/widgets/framework.dart:2113:13)
#336    _InactiveElements._unmount.<anonymous closure> (package:flutter/src/widgets/framework.dart:2115:7)
#337    SingleChildRenderObjectElement.visitChildren (package:flutter/src/widgets/framework.dart:7104:14)
#338    _InactiveElements._unmount (package:flutter/src/widgets/framework.dart:2113:13)
#339    _InactiveElements._unmount.<anonymous closure> (package:flutter/src/widgets/framework.dart:2115:7)
#340    ComponentElement.visitChildren (package:flutter/src/widgets/framework.dart:5874:14)
#341    _InactiveElements._unmount (package:flutter/src/widgets/framework.dart:2113:13)
#342    _InactiveElements._unmount.<anonymous closure> (package:flutter/src/widgets/framework.dart:2115:7)
#343    ComponentElement.visitChildren (package:flutter/src/widgets/framework.dart:5874:14)
#344    _InactiveElements._unmount (package:flutter/src/widgets/framework.dart:2113:13)
#345    _InactiveElements._unmount.<anonymous closure> (package:flutter/src/widgets/framework.dart:2115:7)
#346    ComponentElement.visitChildren (package:flutter/src/widgets/framework.dart:5874:14)
#347    _InactiveElements._unmount (package:flutter/src/widgets/framework.dart:2113:13)
#348    _InactiveElements._unmount.<anonymous closure> (package:flutter/src/widgets/framework.dart:2115:7)
#349    ComponentElement.visitChildren (package:flutter/src/widgets/framework.dart:5874:14)
#350    _InactiveElements._unmount (package:flutter/src/widgets/framework.dart:2113:13)
#351    _InactiveElements._unmount.<anonymous closure> (package:flutter/src/widgets/framework.dart:2115:7)
#352    ComponentElement.visitChildren (package:flutter/src/widgets/framework.dart:5874:14)
#353    _InactiveElements._unmount (package:flutter/src/widgets/framework.dart:2113:13)
#354    _InactiveElements._unmount.<anonymous closure> (package:flutter/src/widgets/framework.dart:2115:7)
#355    SingleChildRenderObjectElement.visitChildren (package:flutter/src/widgets/framework.dart:7104:14)
#356    _InactiveElements._unmount (package:flutter/src/widgets/framework.dart:2113:13)
#357    _InactiveElements._unmount.<anonymous closure> (package:flutter/src/widgets/framework.dart:2115:7)
#358    ComponentElement.visitChildren (package:flutter/src/widgets/framework.dart:5874:14)
#359    _InactiveElements._unmount (package:flutter/src/widgets/framework.dart:2113:13)
#360    _InactiveElements._unmount.<anonymous closure> (package:flutter/src/widgets/framework.dart:2115:7)
#361    ComponentElement.visitChildren (package:flutter/src/widgets/framework.dart:5874:14)
#362    _InactiveElements._unmount (package:flutter/src/widgets/framework.dart:2113:13)
#363    _InactiveElements._unmount.<anonymous closure> (package:flutter/src/widgets/framework.dart:2115:7)
#364    ComponentElement.visitChildren (package:flutter/src/widgets/framework.dart:5874:14)
#365    _InactiveElements._unmount (package:flutter/src/widgets/framework.dart:2113:13)
#366    _InactiveElements._unmount.<anonymous closure> (package:flutter/src/widgets/framework.dart:2115:7)
#367    ComponentElement.visitChildren (package:flutter/src/widgets/framework.dart:5874:14)
#368    _InactiveElements._unmount (package:flutter/src/widgets/framework.dart:2113:13)
#369    _InactiveElements._unmount.<anonymous closure> (package:flutter/src/widgets/framework.dart:2115:7)
#370    ComponentElement.visitChildren (package:flutter/src/widgets/framework.dart:5874:14)
#371    _InactiveElements._unmount (package:flutter/src/widgets/framework.dart:2113:13)
#372    _InactiveElements._unmount.<anonymous closure> (package:flutter/src/widgets/framework.dart:2115:7)
#373    MultiChildRenderObjectElement.visitChildren (package:flutter/src/widgets/framework.dart:7228:16)
#374    _InactiveElements._unmount (package:flutter/src/widgets/framework.dart:2113:13)
#375    _InactiveElements._unmount.<anonymous closure> (package:flutter/src/widgets/framework.dart:2115:7)
#376    ComponentElement.visitChildren (package:flutter/src/widgets/framework.dart:5874:14)
#377    _InactiveElements._unmount (package:flutter/src/widgets/framework.dart:2113:13)
#378    _InactiveElements._unmount.<anonymous closure> (package:flutter/src/widgets/framework.dart:2115:7)
#379    ComponentElement.visitChildren (package:flutter/src/widgets/framework.dart:5874:14)
#380    _InactiveElements._unmount (package:flutter/src/widgets/framework.dart:2113:13)
#381    _InactiveElements._unmount.<anonymous closure> (package:flutter/src/widgets/framework.dart:2115:7)
#382    ComponentElement.visitChildren (package:flutter/src/widgets/framework.dart:5874:14)
#383    _InactiveElements._unmount (package:flutter/src/widgets/framework.dart:2113:13)
#384    _InactiveElements._unmount.<anonymous closure> (package:flutter/src/widgets/framework.dart:2115:7)
#385    ComponentElement.visitChildren (package:flutter/src/widgets/framework.dart:5874:14)
#386    _InactiveElements._unmount (package:flutter/src/widgets/framework.dart:2113:13)
#387    _InactiveElements._unmount.<anonymous closure> (package:flutter/src/widgets/framework.dart:2115:7)
#388    ComponentElement.visitChildren (package:flutter/src/widgets/framework.dart:5874:14)
#389    _InactiveElements._unmount (package:flutter/src/widgets/framework.dart:2113:13)
#390    _InactiveElements._unmount.<anonymous closure> (package:flutter/src/widgets/framework.dart:2115:7)
#391    ComponentElement.visitChildren (package:flutter/src/widgets/framework.dart:5874:14)
#392    _InactiveElements._unmount (package:flutter/src/widgets/framework.dart:2113:13)
#393    _InactiveElements._unmount.<anonymous closure> (package:flutter/src/widgets/framework.dart:2115:7)
#394    ComponentElement.visitChildren (package:flutter/src/widgets/framework.dart:5874:14)
#395    _InactiveElements._unmount (package:flutter/src/widgets/framework.dart:2113:13)
#396    _InactiveElements._unmount.<anonymous closure> (package:flutter/src/widgets/framework.dart:2115:7)
#397    SingleChildRenderObjectElement.visitChildren (package:flutter/src/widgets/framework.dart:7104:14)
#398    _InactiveElements._unmount (package:flutter/src/widgets/framework.dart:2113:13)
#399    _InactiveElements._unmount.<anonymous closure> (package:flutter/src/widgets/framework.dart:2115:7)
#400    SingleChildRenderObjectElement.visitChildren (package:flutter/src/widgets/framework.dart:7104:14)
#401    _InactiveElements._unmount (package:flutter/src/widgets/framework.dart:2113:13)
#402    _InactiveElements._unmount.<anonymous closure> (package:flutter/src/widgets/framework.dart:2115:7)
#403    ComponentElement.visitChildren (package:flutter/src/widgets/framework.dart:5874:14)
#404    _InactiveElements._unmount (package:flutter/src/widgets/framework.dart:2113:13)
#405    _InactiveElements._unmount.<anonymous closure> (package:flutter/src/widgets/framework.dart:2115:7)
#406    ComponentElement.visitChildren (package:flutter/src/widgets/framework.dart:5874:14)
#407    _InactiveElements._unmount (package:flutter/src/widgets/framework.dart:2113:13)
#408    _InactiveElements._unmount.<anonymous closure> (package:flutter/src/widgets/framework.dart:2115:7)
#409    ComponentElement.visitChildren (package:flutter/src/widgets/framework.dart:5874:14)
#410    _InactiveElements._unmount (package:flutter/src/widgets/framework.dart:2113:13)
#411    _InactiveElements._unmount.<anonymous closure> (package:flutter/src/widgets/framework.dart:2115:7)
#412    ComponentElement.visitChildren (package:flutter/src/widgets/framework.dart:5874:14)
#413    _InactiveElements._unmount (package:flutter/src/widgets/framework.dart:2113:13)
#414    _InactiveElements._unmount.<anonymous closure> (package:flutter/src/widgets/framework.dart:2115:7)
#415    ComponentElement.visitChildren (package:flutter/src/widgets/framework.dart:5874:14)
#416    _InactiveElements._unmount (package:flutter/src/widgets/framework.dart:2113:13)
#417    _InactiveElements._unmount.<anonymous closure> (package:flutter/src/widgets/framework.dart:2115:7)
#418    ComponentElement.visitChildren (package:flutter/src/widgets/framework.dart:5874:14)
#419    _InactiveElements._unmount (package:flutter/src/widgets/framework.dart:2113:13)
#420    _InactiveElements._unmount.<anonymous closure> (package:flutter/src/widgets/framework.dart:2115:7)
#421    ComponentElement.visitChildren (package:flutter/src/widgets/framework.dart:5874:14)
#422    _InactiveElements._unmount (package:flutter/src/widgets/framework.dart:2113:13)
#423    _InactiveElements._unmount.<anonymous closure> (package:flutter/src/widgets/framework.dart:2115:7)
#424    ComponentElement.visitChildren (package:flutter/src/widgets/framework.dart:5874:14)
#425    _InactiveElements._unmount (package:flutter/src/widgets/framework.dart:2113:13)
#426    _InactiveElements._unmount.<anonymous closure> (package:flutter/src/widgets/framework.dart:2115:7)
#427    ComponentElement.visitChildren (package:flutter/src/widgets/framework.dart:5874:14)
#428    _InactiveElements._unmount (package:flutter/src/widgets/framework.dart:2113:13)
#429    _InactiveElements._unmount.<anonymous closure> (package:flutter/src/widgets/framework.dart:2115:7)
#430    ComponentElement.visitChildren (package:flutter/src/widgets/framework.dart:5874:14)
#431    _InactiveElements._unmount (package:flutter/src/widgets/framework.dart:2113:13)
#432    _InactiveElements._unmount.<anonymous closure> (package:flutter/src/widgets/framework.dart:2115:7)
#433    ComponentElement.visitChildren (package:flutter/src/widgets/framework.dart:5874:14)
#434    _InactiveElements._unmount (package:flutter/src/widgets/framework.dart:2113:13)
#435    _InactiveElements._unmount.<anonymous closure> (package:flutter/src/widgets/framework.dart:2115:7)
#436    ComponentElement.visitChildren (package:flutter/src/widgets/framework.dart:5874:14)
#437    _InactiveElements._unmount (package:flutter/src/widgets/framework.dart:2113:13)
#438    _InactiveElements._unmount.<anonymous closure> (package:flutter/src/widgets/framework.dart:2115:7)
#439    ComponentElement.visitChildren (package:flutter/src/widgets/framework.dart:5874:14)
#440    _InactiveElements._unmount (package:flutter/src/widgets/framework.dart:2113:13)
#441    _InactiveElements._unmount.<anonymous closure> (package:flutter/src/widgets/framework.dart:2115:7)
#442    ComponentElement.visitChildren (package:flutter/src/widgets/framework.dart:5874:14)
#443    _InactiveElements._unmount (package:flutter/src/widgets/framework.dart:2113:13)
#444    _InactiveElements._unmount.<anonymous closure> (package:flutter/src/widgets/framework.dart:2115:7)
#445    ComponentElement.visitChildren (package:flutter/src/widgets/framework.dart:5874:14)
#446    _InactiveElements._unmount (package:flutter/src/widgets/framework.dart:2113:13)
#447    _InactiveElements._unmount.<anonymous closure> (package:flutter/src/widgets/framework.dart:2115:7)
#448    ComponentElement.visitChildren (package:flutter/src/widgets/framework.dart:5874:14)
#449    _InactiveElements._unmount (package:flutter/src/widgets/framework.dart:2113:13)
#450    _InactiveElements._unmount.<anonymous closure> (package:flutter/src/widgets/framework.dart:2115:7)
#451    ComponentElement.visitChildren (package:flutter/src/widgets/framework.dart:5874:14)
#452    _InactiveElements._unmount (package:flutter/src/widgets/framework.dart:2113:13)
#453    _InactiveElements._unmount.<anonymous closure> (package:flutter/src/widgets/framework.dart:2115:7)
#454    ComponentElement.visitChildren (package:flutter/src/widgets/framework.dart:5874:14)
#455    _InactiveElements._unmount (package:flutter/src/widgets/framework.dart:2113:13)
#456    _InactiveElements._unmount.<anonymous closure> (package:flutter/src/widgets/framework.dart:2115:7)
#457    ComponentElement.visitChildren (package:flutter/src/widgets/framework.dart:5874:14)
#458    _InactiveElements._unmount (package:flutter/src/widgets/framework.dart:2113:13)
#459    _InactiveElements._unmount.<anonymous closure> (package:flutter/src/widgets/framework.dart:2115:7)
#460    ComponentElement.visitChildren (package:flutter/src/widgets/framework.dart:5874:14)
#461    _InactiveElements._unmount (package:flutter/src/widgets/framework.dart:2113:13)
#462    _InactiveElements._unmount.<anonymous closure> (package:flutter/src/widgets/framework.dart:2115:7)
#463    ComponentElement.visitChildren (package:flutter/src/widgets/framework.dart:5874:14)
#464    _InactiveElements._unmount (package:flutter/src/widgets/framework.dart:2113:13)
#465    _InactiveElements._unmount.<anonymous closure> (package:flutter/src/widgets/framework.dart:2115:7)
#466    ComponentElement.visitChildren (package:flutter/src/widgets/framework.dart:5874:14)
#467    _InactiveElements._unmount (package:flutter/src/widgets/framework.dart:2113:13)
#468    _InactiveElements._unmount.<anonymous closure> (package:flutter/src/widgets/framework.dart:2115:7)
#469    ComponentElement.visitChildren (package:flutter/src/widgets/framework.dart:5874:14)
#470    _InactiveElements._unmount (package:flutter/src/widgets/framework.dart:2113:13)
#471    _InactiveElements._unmount.<anonymous closure> (package:flutter/src/widgets/framework.dart:2115:7)
#472    ComponentElement.visitChildren (package:flutter/src/widgets/framework.dart:5874:14)
#473    _InactiveElements._unmount (package:flutter/src/widgets/framework.dart:2113:13)
#474    _InactiveElements._unmount.<anonymous closure> (package:flutter/src/widgets/framework.dart:2115:7)
#475    ComponentElement.visitChildren (package:flutter/src/widgets/framework.dart:5874:14)
#476    _InactiveElements._unmount (package:flutter/src/widgets/framework.dart:2113:13)
#477    _InactiveElements._unmount.<anonymous closure> (package:flutter/src/widgets/framework.dart:2115:7)
#478    SingleChildRenderObjectElement.visitChildren (package:flutter/src/widgets/framework.dart:7104:14)
#479    _InactiveElements._unmount (package:flutter/src/widgets/framework.dart:2113:13)
#480    _InactiveElements._unmount.<anonymous closure> (package:flutter/src/widgets/framework.dart:2115:7)
#481    ComponentElement.visitChildren (package:flutter/src/widgets/framework.dart:5874:14)
#482    _InactiveElements._unmount (package:flutter/src/widgets/framework.dart:2113:13)
#483    _InactiveElements._unmount.<anonymous closure> (package:flutter/src/widgets/framework.dart:2115:7)
#484    ComponentElement.visitChildren (package:flutter/src/widgets/framework.dart:5874:14)
#485    _InactiveElements._unmount (package:flutter/src/widgets/framework.dart:2113:13)
#486    _InactiveElements._unmount.<anonymous closure> (package:flutter/src/widgets/framework.dart:2115:7)
#487    ComponentElement.visitChildren (package:flutter/src/widgets/framework.dart:5874:14)
#488    _InactiveElements._unmount (package:flutter/src/widgets/framework.dart:2113:13)
#489    _InactiveElements._unmount.<anonymous closure> (package:flutter/src/widgets/framework.dart:2115:7)
#490    ComponentElement.visitChildren (package:flutter/src/widgets/framework.dart:5874:14)
#491    _InactiveElements._unmount (package:flutter/src/widgets/framework.dart:2113:13)
#492    _InactiveElements._unmount.<anonymous closure> (package:flutter/src/widgets/framework.dart:2115:7)
#493    ComponentElement.visitChildren (package:flutter/src/widgets/framework.dart:5874:14)
#494    _InactiveElements._unmount (package:flutter/src/widgets/framework.dart:2113:13)
#495    _InactiveElements._unmount.<anonymous closure> (package:flutter/src/widgets/framework.dart:2115:7)
#496    SingleChildRenderObjectElement.visitChildren (package:flutter/src/widgets/framework.dart:7104:14)
#497    _InactiveElements._unmount (package:flutter/src/widgets/framework.dart:2113:13)
#498    _InactiveElements._unmount.<anonymous closure> (package:flutter/src/widgets/framework.dart:2115:7)
#499    ComponentElement.visitChildren (package:flutter/src/widgets/framework.dart:5874:14)
#500    _InactiveElements._unmount (package:flutter/src/widgets/framework.dart:2113:13)
#501    _InactiveElements._unmount.<anonymous closure> (package:flutter/src/widgets/framework.dart:2115:7)
#502    ComponentElement.visitChildren (package:flutter/src/widgets/framework.dart:5874:14)
#503    _InactiveElements._unmount (package:flutter/src/widgets/framework.dart:2113:13)
#504    _InactiveElements._unmount.<anonymous closure> (package:flutter/src/widgets/framework.dart:2115:7)
#505    SingleChildRenderObjectElement.visitChildren (package:flutter/src/widgets/framework.dart:7104:14)
#506    _InactiveElements._unmount (package:flutter/src/widgets/framework.dart:2113:13)
#507    _InactiveElements._unmount.<anonymous closure> (package:flutter/src/widgets/framework.dart:2115:7)
#508    ComponentElement.visitChildren (package:flutter/src/widgets/framework.dart:5874:14)
#509    _InactiveElements._unmount (package:flutter/src/widgets/framework.dart:2113:13)
#510    _InactiveElements._unmount.<anonymous closure> (package:flutter/src/widgets/framework.dart:2115:7)
#511    ComponentElement.visitChildren (package:flutter/src/widgets/framework.dart:5874:14)
#512    _InactiveElements._unmount (package:flutter/src/widgets/framework.dart:2113:13)
#513    _InactiveElements._unmount.<anonymous closure> (package:flutter/src/widgets/framework.dart:2115:7)
#514    ComponentElement.visitChildren (package:flutter/src/widgets/framework.dart:5874:14)
#515    _InactiveElements._unmount (package:flutter/src/widgets/framework.dart:2113:13)
#516    _InactiveElements._unmount.<anonymous closure> (package:flutter/src/widgets/framework.dart:2115:7)
#517    ComponentElement.visitChildren (package:flutter/src/widgets/framework.dart:5874:14)
#518    _InactiveElements._unmount (package:flutter/src/widgets/framework.dart:2113:13)
#519    _InactiveElements._unmount.<anonymous closure> (package:flutter/src/widgets/framework.dart:2115:7)
#520    ComponentElement.visitChildren (package:flutter/src/widgets/framework.dart:5874:14)
#521    _InactiveElements._unmount (package:flutter/src/widgets/framework.dart:2113:13)
#522    _InactiveElements._unmount.<anonymous closure> (package:flutter/src/widgets/framework.dart:2115:7)
#523    SingleChildRenderObjectElement.visitChildren (package:flutter/src/widgets/framework.dart:7104:14)
#524    _InactiveElements._unmount (package:flutter/src/widgets/framework.dart:2113:13)
#525    _InactiveElements._unmount.<anonymous closure> (package:flutter/src/widgets/framework.dart:2115:7)
#526    ComponentElement.visitChildren (package:flutter/src/widgets/framework.dart:5874:14)
#527    _InactiveElements._unmount (package:flutter/src/widgets/framework.dart:2113:13)
#528    _InactiveElements._unmount.<anonymous closure> (package:flutter/src/widgets/framework.dart:2115:7)
#529    ComponentElement.visitChildren (package:flutter/src/widgets/framework.dart:5874:14)
#530    _InactiveElements._unmount (package:flutter/src/widgets/framework.dart:2113:13)
#531    _InactiveElements._unmount.<anonymous closure> (package:flutter/src/widgets/framework.dart:2115:7)
#532    ComponentElement.visitChildren (package:flutter/src/widgets/framework.dart:5874:14)
#533    _InactiveElements._unmount (package:flutter/src/widgets/framework.dart:2113:13)
#534    _InactiveElements._unmount.<anonymous closure> (package:flutter/src/widgets/framework.dart:2115:7)
#535    ComponentElement.visitChildren (package:flutter/src/widgets/framework.dart:5874:14)
#536    _InactiveElements._unmount (package:flutter/src/widgets/framework.dart:2113:13)
#537    _InactiveElements._unmount.<anonymous closure> (package:flutter/src/widgets/framework.dart:2115:7)
#538    ComponentElement.visitChildren (package:flutter/src/widgets/framework.dart:5874:14)
#539    _InactiveElements._unmount (package:flutter/src/widgets/framework.dart:2113:13)
#540    _InactiveElements._unmount.<anonymous closure> (package:flutter/src/widgets/framework.dart:2115:7)
#541    SingleChildRenderObjectElement.visitChildren (package:flutter/src/widgets/framework.dart:7104:14)
#542    _InactiveElements._unmount (package:flutter/src/widgets/framework.dart:2113:13)
#543    _InactiveElements._unmount.<anonymous closure> (package:flutter/src/widgets/framework.dart:2115:7)
#544    ComponentElement.visitChildren (package:flutter/src/widgets/framework.dart:5874:14)
#545    _InactiveElements._unmount (package:flutter/src/widgets/framework.dart:2113:13)
#546    _InactiveElements._unmount.<anonymous closure> (package:flutter/src/widgets/framework.dart:2115:7)
#547    ComponentElement.visitChildren (package:flutter/src/widgets/framework.dart:5874:14)
#548    _InactiveElements._unmount (package:flutter/src/widgets/framework.dart:2113:13)
#549    _InactiveElements._unmount.<anonymous closure> (package:flutter/src/widgets/framework.dart:2115:7)
#550    ComponentElement.visitChildren (package:flutter/src/widgets/framework.dart:5874:14)
#551    _InactiveElements._unmount (package:flutter/src/widgets/framework.dart:2113:13)
#552    _InactiveElements._unmount.<anonymous closure> (package:flutter/src/widgets/framework.dart:2115:7)
#553    ComponentElement.visitChildren (package:flutter/src/widgets/framework.dart:5874:14)
#554    _InactiveElements._unmount (package:flutter/src/widgets/framework.dart:2113:13)
#555    _InactiveElements._unmount.<anonymous closure> (package:flutter/src/widgets/framework.dart:2115:7)
#556    SingleChildRenderObjectElement.visitChildren (package:flutter/src/widgets/framework.dart:7104:14)
#557    _InactiveElements._unmount (package:flutter/src/widgets/framework.dart:2113:13)
#558    _InactiveElements._unmount.<anonymous closure> (package:flutter/src/widgets/framework.dart:2115:7)
#559    ComponentElement.visitChildren (package:flutter/src/widgets/framework.dart:5874:14)
#560    _InactiveElements._unmount (package:flutter/src/widgets/framework.dart:2113:13)
#561    _InactiveElements._unmount.<anonymous closure> (package:flutter/src/widgets/framework.dart:2115:7)
#562    ComponentElement.visitChildren (package:flutter/src/widgets/framework.dart:5874:14)
#563    _InactiveElements._unmount (package:flutter/src/widgets/framework.dart:2113:13)
#564    _InactiveElements._unmount.<anonymous closure> (package:flutter/src/widgets/framework.dart:2115:7)
#565    ComponentElement.visitChildren (package:flutter/src/widgets/framework.dart:5874:14)
#566    _InactiveElements._unmount (package:flutter/src/widgets/framework.dart:2113:13)
#567    _InactiveElements._unmount.<anonymous closure> (package:flutter/src/widgets/framework.dart:2115:7)
#568    ComponentElement.visitChildren (package:flutter/src/widgets/framework.dart:5874:14)
#569    _InactiveElements._unmount (package:flutter/src/widgets/framework.dart:2113:13)
#570    _InactiveElements._unmount.<anonymous closure> (package:flutter/src/widgets/framework.dart:2115:7)
#571    ComponentElement.visitChildren (package:flutter/src/widgets/framework.dart:5874:14)
#572    _InactiveElements._unmount (package:flutter/src/widgets/framework.dart:2113:13)
#573    _InactiveElements._unmount.<anonymous closure> (package:flutter/src/widgets/framework.dart:2115:7)
#574    ComponentElement.visitChildren (package:flutter/src/widgets/framework.dart:5874:14)
#575    _InactiveElements._unmount (package:flutter/src/widgets/framework.dart:2113:13)
#576    _InactiveElements._unmount.<anonymous closure> (package:flutter/src/widgets/framework.dart:2115:7)
#577    ComponentElement.visitChildren (package:flutter/src/widgets/framework.dart:5874:14)
#578    _InactiveElements._unmount (package:flutter/src/widgets/framework.dart:2113:13)
#579    _InactiveElements._unmount.<anonymous closure> (package:flutter/src/widgets/framework.dart:2115:7)
#580    ComponentElement.visitChildren (package:flutter/src/widgets/framework.dart:5874:14)
#581    _InactiveElements._unmount (package:flutter/src/widgets/framework.dart:2113:13)
#582    _InactiveElements._unmount.<anonymous closure> (package:flutter/src/widgets/framework.dart:2115:7)
#583    ComponentElement.visitChildren (package:flutter/src/widgets/framework.dart:5874:14)
#584    _InactiveElements._unmount (package:flutter/src/widgets/framework.dart:2113:13)
#585    _InactiveElements._unmount.<anonymous closure> (package:flutter/src/widgets/framework.dart:2115:7)
#586    ComponentElement.visitChildren (package:flutter/src/widgets/framework.dart:5874:14)
#587    _InactiveElements._unmount (package:flutter/src/widgets/framework.dart:2113:13)
#588    _InactiveElements._unmount.<anonymous closure> (package:flutter/src/widgets/framework.dart:2115:7)
#589    ComponentElement.visitChildren (package:flutter/src/widgets/framework.dart:5874:14)
#590    _InactiveElements._unmount (package:flutter/src/widgets/framework.dart:2113:13)
#591    _InactiveElements._unmount.<anonymous closure> (package:flutter/src/widgets/framework.dart:2115:7)
#592    SingleChildRenderObjectElement.visitChildren (package:flutter/src/widgets/framework.dart:7104:14)
#593    _InactiveElements._unmount (package:flutter/src/widgets/framework.dart:2113:13)
#594    _InactiveElements._unmount.<anonymous closure> (package:flutter/src/widgets/framework.dart:2115:7)
#595    ComponentElement.visitChildren (package:flutter/src/widgets/framework.dart:5874:14)
#596    _InactiveElements._unmount (package:flutter/src/widgets/framework.dart:2113:13)
#597    _InactiveElements._unmount.<anonymous closure> (package:flutter/src/widgets/framework.dart:2115:7)
#598    ComponentElement.visitChildren (package:flutter/src/widgets/framework.dart:5874:14)
#599    _InactiveElements._unmount (package:flutter/src/widgets/framework.dart:2113:13)
#600    _InactiveElements._unmount.<anonymous closure> (package:flutter/src/widgets/framework.dart:2115:7)
#601    ComponentElement.visitChildren (package:flutter/src/widgets/framework.dart:5874:14)
#602    _InactiveElements._unmount (package:flutter/src/widgets/framework.dart:2113:13)
#603    _InactiveElements._unmount.<anonymous closure> (package:flutter/src/widgets/framework.dart:2115:7)
#604    ComponentElement.visitChildren (package:flutter/src/widgets/framework.dart:5874:14)
#605    _InactiveElements._unmount (package:flutter/src/widgets/framework.dart:2113:13)
#606    _InactiveElements._unmount.<anonymous closure> (package:flutter/src/widgets/framework.dart:2115:7)
#607    ComponentElement.visitChildren (package:flutter/src/widgets/framework.dart:5874:14)
#608    _InactiveElements._unmount (package:flutter/src/widgets/framework.dart:2113:13)
#609    _InactiveElements._unmount.<anonymous closure> (package:flutter/src/widgets/framework.dart:2115:7)
#610    ComponentElement.visitChildren (package:flutter/src/widgets/framework.dart:5874:14)
#611    _InactiveElements._unmount (package:flutter/src/widgets/framework.dart:2113:13)
#612    _InactiveElements._unmount.<anonymous closure> (package:flutter/src/widgets/framework.dart:2115:7)
#613    ComponentElement.visitChildren (package:flutter/src/widgets/framework.dart:5874:14)
#614    _InactiveElements._unmount (package:flutter/src/widgets/framework.dart:2113:13)
#615    _InactiveElements._unmount.<anonymous closure> (package:flutter/src/widgets/framework.dart:2115:7)
#616    ComponentElement.visitChildren (package:flutter/src/widgets/framework.dart:5874:14)
#617    _InactiveElements._unmount (package:flutter/src/widgets/framework.dart:2113:13)
#618    ListIterable.forEach (dart:_internal/iterable.dart:49:13)
#619    _InactiveElements._unmountAll (package:flutter/src/widgets/framework.dart:2126:25)
#620    BuildOwner.lockState (package:flutter/src/widgets/framework.dart:3020:15)
#621    BuildOwner.finalizeTree (package:flutter/src/widgets/framework.dart:3344:7)
#622    AutomatedTestWidgetsFlutterBinding.drawFrame (package:flutter_test/src/binding.dart:1528:19)
#623    RendererBinding._handlePersistentFrameCallback (package:flutter/src/rendering/binding.dart:495:5)
#624    SchedulerBinding._invokeFrameCallback (package:flutter/src/scheduler/binding.dart:1434:15)
#625    SchedulerBinding.handleDrawFrame (package:flutter/src/scheduler/binding.dart:1347:9)
#626    AutomatedTestWidgetsFlutterBinding.scheduleWarmUpFrame (package:flutter_test/src/binding.dart:1432:5)
#627    _runWidget (package:flutter/src/widgets/binding.dart:1643:7)
#628    runApp (package:flutter/src/widgets/binding.dart:1576:3)
#629    TestWidgetsFlutterBinding._runTestBody (package:flutter_test/src/binding.dart:1066:7)
<asynchronous suspension>
<asynchronous suspension>
(elided 3 frames from dart:async and package:stack_trace)

══╡ EXCEPTION CAUGHT BY WIDGETS LIBRARY ╞═══════════════════════════════════════════════════════════
The following assertion was thrown while finalizing the widget tree:
Looking up a deactivated widget's ancestor is unsafe.
At this point the state of the widget's element tree is no longer stable.
To safely refer to a widget's ancestor in its dispose() method, save a reference to the ancestor by
calling dependOnInheritedWidgetOfExactType() in the widget's didChangeDependencies() method.

When the exception was thrown, this was the stack:
#0      Element._debugCheckStateIsActiveForAncestorLookup.<anonymous closure> (package:flutter/src/widgets/framework.dart:5052:9)
#1      Element._debugCheckStateIsActiveForAncestorLookup (package:flutter/src/widgets/framework.dart:5066:6)
#2      Element.dependOnInheritedWidgetOfExactType (package:flutter/src/widgets/framework.dart:5085:12)
#3      ProviderScope.containerOf (package:flutter_riverpod/src/core/provider_scope.dart:93:16)
#4      _ProjectDashboardScreenState.dispose (package:frontend/features/projects/presentation/screens/project_dashboard_screen.dart:52:37)
#5      StatefulElement.unmount (package:flutter/src/widgets/framework.dart:6033:11)
#6      ConsumerStatefulElement.unmount (package:flutter_riverpod/src/core/consumer.dart:467:11)
#7      _InactiveElements._unmount (package:flutter/src/widgets/framework.dart:2117:13)
#8      _InactiveElements._unmount.<anonymous closure> (package:flutter/src/widgets/framework.dart:2115:7)
#9      ComponentElement.visitChildren (package:flutter/src/widgets/framework.dart:5874:14)
#10     _InactiveElements._unmount (package:flutter/src/widgets/framework.dart:2113:13)
#11     _InactiveElements._unmount.<anonymous closure> (package:flutter/src/widgets/framework.dart:2115:7)
#12     SingleChildRenderObjectElement.visitChildren (package:flutter/src/widgets/framework.dart:7104:14)
#13     _InactiveElements._unmount (package:flutter/src/widgets/framework.dart:2113:13)
#14     _InactiveElements._unmount.<anonymous closure> (package:flutter/src/widgets/framework.dart:2115:7)
#15     ComponentElement.visitChildren (package:flutter/src/widgets/framework.dart:5874:14)
#16     _InactiveElements._unmount (package:flutter/src/widgets/framework.dart:2113:13)
#17     _InactiveElements._unmount.<anonymous closure> (package:flutter/src/widgets/framework.dart:2115:7)
#18     SingleChildRenderObjectElement.visitChildren (package:flutter/src/widgets/framework.dart:7104:14)
#19     _InactiveElements._unmount (package:flutter/src/widgets/framework.dart:2113:13)
#20     _InactiveElements._unmount.<anonymous closure> (package:flutter/src/widgets/framework.dart:2115:7)
#21     SingleChildRenderObjectElement.visitChildren (package:flutter/src/widgets/framework.dart:7104:14)
#22     _InactiveElements._unmount (package:flutter/src/widgets/framework.dart:2113:13)
#23     _InactiveElements._unmount.<anonymous closure> (package:flutter/src/widgets/framework.dart:2115:7)
#24     ComponentElement.visitChildren (package:flutter/src/widgets/framework.dart:5874:14)
#25     _InactiveElements._unmount (package:flutter/src/widgets/framework.dart:2113:13)
#26     _InactiveElements._unmount.<anonymous closure> (package:flutter/src/widgets/framework.dart:2115:7)
#27     SingleChildRenderObjectElement.visitChildren (package:flutter/src/widgets/framework.dart:7104:14)
#28     _InactiveElements._unmount (package:flutter/src/widgets/framework.dart:2113:13)
#29     _InactiveElements._unmount.<anonymous closure> (package:flutter/src/widgets/framework.dart:2115:7)
#30     ComponentElement.visitChildren (package:flutter/src/widgets/framework.dart:5874:14)
#31     _InactiveElements._unmount (package:flutter/src/widgets/framework.dart:2113:13)
#32     _InactiveElements._unmount.<anonymous closure> (package:flutter/src/widgets/framework.dart:2115:7)
#33     SingleChildRenderObjectElement.visitChildren (package:flutter/src/widgets/framework.dart:7104:14)
#34     _InactiveElements._unmount (package:flutter/src/widgets/framework.dart:2113:13)
#35     _InactiveElements._unmount.<anonymous closure> (package:flutter/src/widgets/framework.dart:2115:7)
#36     SingleChildRenderObjectElement.visitChildren (package:flutter/src/widgets/framework.dart:7104:14)
#37     _InactiveElements._unmount (package:flutter/src/widgets/framework.dart:2113:13)
#38     _InactiveElements._unmount.<anonymous closure> (package:flutter/src/widgets/framework.dart:2115:7)
#39     ComponentElement.visitChildren (package:flutter/src/widgets/framework.dart:5874:14)
#40     _InactiveElements._unmount (package:flutter/src/widgets/framework.dart:2113:13)
#41     _InactiveElements._unmount.<anonymous closure> (package:flutter/src/widgets/framework.dart:2115:7)
#42     SingleChildRenderObjectElement.visitChildren (package:flutter/src/widgets/framework.dart:7104:14)
#43     _InactiveElements._unmount (package:flutter/src/widgets/framework.dart:2113:13)
#44     _InactiveElements._unmount.<anonymous closure> (package:flutter/src/widgets/framework.dart:2115:7)
#45     ComponentElement.visitChildren (package:flutter/src/widgets/framework.dart:5874:14)
#46     _InactiveElements._unmount (package:flutter/src/widgets/framework.dart:2113:13)
#47     _InactiveElements._unmount.<anonymous closure> (package:flutter/src/widgets/framework.dart:2115:7)
#48     SingleChildRenderObjectElement.visitChildren (package:flutter/src/widgets/framework.dart:7104:14)
#49     _InactiveElements._unmount (package:flutter/src/widgets/framework.dart:2113:13)
#50     _InactiveElements._unmount.<anonymous closure> (package:flutter/src/widgets/framework.dart:2115:7)
#51     SingleChildRenderObjectElement.visitChildren (package:flutter/src/widgets/framework.dart:7104:14)
#52     _InactiveElements._unmount (package:flutter/src/widgets/framework.dart:2113:13)
#53     _InactiveElements._unmount.<anonymous closure> (package:flutter/src/widgets/framework.dart:2115:7)
#54     ComponentElement.visitChildren (package:flutter/src/widgets/framework.dart:5874:14)
#55     _InactiveElements._unmount (package:flutter/src/widgets/framework.dart:2113:13)
#56     _InactiveElements._unmount.<anonymous closure> (package:flutter/src/widgets/framework.dart:2115:7)
#57     SingleChildRenderObjectElement.visitChildren (package:flutter/src/widgets/framework.dart:7104:14)
#58     _InactiveElements._unmount (package:flutter/src/widgets/framework.dart:2113:13)
#59     _InactiveElements._unmount.<anonymous closure> (package:flutter/src/widgets/framework.dart:2115:7)
#60     SingleChildRenderObjectElement.visitChildren (package:flutter/src/widgets/framework.dart:7104:14)
#61     _InactiveElements._unmount (package:flutter/src/widgets/framework.dart:2113:13)
#62     _InactiveElements._unmount.<anonymous closure> (package:flutter/src/widgets/framework.dart:2115:7)
#63     SingleChildRenderObjectElement.visitChildren (package:flutter/src/widgets/framework.dart:7104:14)
#64     _InactiveElements._unmount (package:flutter/src/widgets/framework.dart:2113:13)
#65     _InactiveElements._unmount.<anonymous closure> (package:flutter/src/widgets/framework.dart:2115:7)
#66     ComponentElement.visitChildren (package:flutter/src/widgets/framework.dart:5874:14)
#67     _InactiveElements._unmount (package:flutter/src/widgets/framework.dart:2113:13)
#68     _InactiveElements._unmount.<anonymous closure> (package:flutter/src/widgets/framework.dart:2115:7)
#69     SingleChildRenderObjectElement.visitChildren (package:flutter/src/widgets/framework.dart:7104:14)
#70     _InactiveElements._unmount (package:flutter/src/widgets/framework.dart:2113:13)
#71     _InactiveElements._unmount.<anonymous closure> (package:flutter/src/widgets/framework.dart:2115:7)
#72     ComponentElement.visitChildren (package:flutter/src/widgets/framework.dart:5874:14)
#73     _InactiveElements._unmount (package:flutter/src/widgets/framework.dart:2113:13)
#74     _InactiveElements._unmount.<anonymous closure> (package:flutter/src/widgets/framework.dart:2115:7)
#75     ComponentElement.visitChildren (package:flutter/src/widgets/framework.dart:5874:14)
#76     _InactiveElements._unmount (package:flutter/src/widgets/framework.dart:2113:13)
#77     _InactiveElements._unmount.<anonymous closure> (package:flutter/src/widgets/framework.dart:2115:7)
#78     ComponentElement.visitChildren (package:flutter/src/widgets/framework.dart:5874:14)
#79     _InactiveElements._unmount (package:flutter/src/widgets/framework.dart:2113:13)
#80     _InactiveElements._unmount.<anonymous closure> (package:flutter/src/widgets/framework.dart:2115:7)
#81     ComponentElement.visitChildren (package:flutter/src/widgets/framework.dart:5874:14)
#82     _InactiveElements._unmount (package:flutter/src/widgets/framework.dart:2113:13)
#83     _InactiveElements._unmount.<anonymous closure> (package:flutter/src/widgets/framework.dart:2115:7)
#84     ComponentElement.visitChildren (package:flutter/src/widgets/framework.dart:5874:14)
#85     _InactiveElements._unmount (package:flutter/src/widgets/framework.dart:2113:13)
#86     _InactiveElements._unmount.<anonymous closure> (package:flutter/src/widgets/framework.dart:2115:7)
#87     SingleChildRenderObjectElement.visitChildren (package:flutter/src/widgets/framework.dart:7104:14)
#88     _InactiveElements._unmount (package:flutter/src/widgets/framework.dart:2113:13)
#89     _InactiveElements._unmount.<anonymous closure> (package:flutter/src/widgets/framework.dart:2115:7)
#90     ComponentElement.visitChildren (package:flutter/src/widgets/framework.dart:5874:14)
#91     _InactiveElements._unmount (package:flutter/src/widgets/framework.dart:2113:13)
#92     _InactiveElements._unmount.<anonymous closure> (package:flutter/src/widgets/framework.dart:2115:7)
#93     SingleChildRenderObjectElement.visitChildren (package:flutter/src/widgets/framework.dart:7104:14)
#94     _InactiveElements._unmount (package:flutter/src/widgets/framework.dart:2113:13)
#95     _InactiveElements._unmount.<anonymous closure> (package:flutter/src/widgets/framework.dart:2115:7)
#96     ComponentElement.visitChildren (package:flutter/src/widgets/framework.dart:5874:14)
#97     _InactiveElements._unmount (package:flutter/src/widgets/framework.dart:2113:13)
#98     _InactiveElements._unmount.<anonymous closure> (package:flutter/src/widgets/framework.dart:2115:7)
#99     ComponentElement.visitChildren (package:flutter/src/widgets/framework.dart:5874:14)
#100    _InactiveElements._unmount (package:flutter/src/widgets/framework.dart:2113:13)
#101    _InactiveElements._unmount.<anonymous closure> (package:flutter/src/widgets/framework.dart:2115:7)
#102    ComponentElement.visitChildren (package:flutter/src/widgets/framework.dart:5874:14)
#103    _InactiveElements._unmount (package:flutter/src/widgets/framework.dart:2113:13)
#104    _InactiveElements._unmount.<anonymous closure> (package:flutter/src/widgets/framework.dart:2115:7)
#105    ComponentElement.visitChildren (package:flutter/src/widgets/framework.dart:5874:14)
#106    _InactiveElements._unmount (package:flutter/src/widgets/framework.dart:2113:13)
#107    _InactiveElements._unmount.<anonymous closure> (package:flutter/src/widgets/framework.dart:2115:7)
#108    ComponentElement.visitChildren (package:flutter/src/widgets/framework.dart:5874:14)
#109    _InactiveElements._unmount (package:flutter/src/widgets/framework.dart:2113:13)
#110    _InactiveElements._unmount.<anonymous closure> (package:flutter/src/widgets/framework.dart:2115:7)
#111    ComponentElement.visitChildren (package:flutter/src/widgets/framework.dart:5874:14)
#112    _InactiveElements._unmount (package:flutter/src/widgets/framework.dart:2113:13)
#113    _InactiveElements._unmount.<anonymous closure> (package:flutter/src/widgets/framework.dart:2115:7)
#114    SingleChildRenderObjectElement.visitChildren (package:flutter/src/widgets/framework.dart:7104:14)
#115    _InactiveElements._unmount (package:flutter/src/widgets/framework.dart:2113:13)
#116    _InactiveElements._unmount.<anonymous closure> (package:flutter/src/widgets/framework.dart:2115:7)
#117    ComponentElement.visitChildren (package:flutter/src/widgets/framework.dart:5874:14)
#118    _InactiveElements._unmount (package:flutter/src/widgets/framework.dart:2113:13)
#119    _InactiveElements._unmount.<anonymous closure> (package:flutter/src/widgets/framework.dart:2115:7)
#120    ComponentElement.visitChildren (package:flutter/src/widgets/framework.dart:5874:14)
#121    _InactiveElements._unmount (package:flutter/src/widgets/framework.dart:2113:13)
#122    _InactiveElements._unmount.<anonymous closure> (package:flutter/src/widgets/framework.dart:2115:7)
#123    ComponentElement.visitChildren (package:flutter/src/widgets/framework.dart:5874:14)
#124    _InactiveElements._unmount (package:flutter/src/widgets/framework.dart:2113:13)
#125    _InactiveElements._unmount.<anonymous closure> (package:flutter/src/widgets/framework.dart:2115:7)
#126    ComponentElement.visitChildren (package:flutter/src/widgets/framework.dart:5874:14)
#127    _InactiveElements._unmount (package:flutter/src/widgets/framework.dart:2113:13)
#128    _InactiveElements._unmount.<anonymous closure> (package:flutter/src/widgets/framework.dart:2115:7)
#129    ComponentElement.visitChildren (package:flutter/src/widgets/framework.dart:5874:14)
#130    _InactiveElements._unmount (package:flutter/src/widgets/framework.dart:2113:13)
#131    _InactiveElements._unmount.<anonymous closure> (package:flutter/src/widgets/framework.dart:2115:7)
#132    SingleChildRenderObjectElement.visitChildren (package:flutter/src/widgets/framework.dart:7104:14)
#133    _InactiveElements._unmount (package:flutter/src/widgets/framework.dart:2113:13)
#134    _InactiveElements._unmount.<anonymous closure> (package:flutter/src/widgets/framework.dart:2115:7)
#135    ComponentElement.visitChildren (package:flutter/src/widgets/framework.dart:5874:14)
#136    _InactiveElements._unmount (package:flutter/src/widgets/framework.dart:2113:13)
#137    _InactiveElements._unmount.<anonymous closure> (package:flutter/src/widgets/framework.dart:2115:7)
#138    ComponentElement.visitChildren (package:flutter/src/widgets/framework.dart:5874:14)
#139    _InactiveElements._unmount (package:flutter/src/widgets/framework.dart:2113:13)
#140    _InactiveElements._unmount.<anonymous closure> (package:flutter/src/widgets/framework.dart:2115:7)
#141    ComponentElement.visitChildren (package:flutter/src/widgets/framework.dart:5874:14)
#142    _InactiveElements._unmount (package:flutter/src/widgets/framework.dart:2113:13)
#143    _InactiveElements._unmount.<anonymous closure> (package:flutter/src/widgets/framework.dart:2115:7)
#144    ComponentElement.visitChildren (package:flutter/src/widgets/framework.dart:5874:14)
#145    _InactiveElements._unmount (package:flutter/src/widgets/framework.dart:2113:13)
#146    _InactiveElements._unmount.<anonymous closure> (package:flutter/src/widgets/framework.dart:2115:7)
#147    ComponentElement.visitChildren (package:flutter/src/widgets/framework.dart:5874:14)
#148    _InactiveElements._unmount (package:flutter/src/widgets/framework.dart:2113:13)
#149    _InactiveElements._unmount.<anonymous closure> (package:flutter/src/widgets/framework.dart:2115:7)
#150    MultiChildRenderObjectElement.visitChildren (package:flutter/src/widgets/framework.dart:7228:16)
#151    _InactiveElements._unmount (package:flutter/src/widgets/framework.dart:2113:13)
#152    _InactiveElements._unmount.<anonymous closure> (package:flutter/src/widgets/framework.dart:2115:7)
#153    ComponentElement.visitChildren (package:flutter/src/widgets/framework.dart:5874:14)
#154    _InactiveElements._unmount (package:flutter/src/widgets/framework.dart:2113:13)
#155    _InactiveElements._unmount.<anonymous closure> (package:flutter/src/widgets/framework.dart:2115:7)
#156    ComponentElement.visitChildren (package:flutter/src/widgets/framework.dart:5874:14)
#157    _InactiveElements._unmount (package:flutter/src/widgets/framework.dart:2113:13)
#158    _InactiveElements._unmount.<anonymous closure> (package:flutter/src/widgets/framework.dart:2115:7)
#159    ComponentElement.visitChildren (package:flutter/src/widgets/framework.dart:5874:14)
#160    _InactiveElements._unmount (package:flutter/src/widgets/framework.dart:2113:13)
#161    _InactiveElements._unmount.<anonymous closure> (package:flutter/src/widgets/framework.dart:2115:7)
#162    ComponentElement.visitChildren (package:flutter/src/widgets/framework.dart:5874:14)
#163    _InactiveElements._unmount (package:flutter/src/widgets/framework.dart:2113:13)
#164    _InactiveElements._unmount.<anonymous closure> (package:flutter/src/widgets/framework.dart:2115:7)
#165    ComponentElement.visitChildren (package:flutter/src/widgets/framework.dart:5874:14)
#166    _InactiveElements._unmount (package:flutter/src/widgets/framework.dart:2113:13)
#167    _InactiveElements._unmount.<anonymous closure> (package:flutter/src/widgets/framework.dart:2115:7)
#168    ComponentElement.visitChildren (package:flutter/src/widgets/framework.dart:5874:14)
#169    _InactiveElements._unmount (package:flutter/src/widgets/framework.dart:2113:13)
#170    _InactiveElements._unmount.<anonymous closure> (package:flutter/src/widgets/framework.dart:2115:7)
#171    ComponentElement.visitChildren (package:flutter/src/widgets/framework.dart:5874:14)
#172    _InactiveElements._unmount (package:flutter/src/widgets/framework.dart:2113:13)
#173    _InactiveElements._unmount.<anonymous closure> (package:flutter/src/widgets/framework.dart:2115:7)
#174    SingleChildRenderObjectElement.visitChildren (package:flutter/src/widgets/framework.dart:7104:14)
#175    _InactiveElements._unmount (package:flutter/src/widgets/framework.dart:2113:13)
#176    _InactiveElements._unmount.<anonymous closure> (package:flutter/src/widgets/framework.dart:2115:7)
#177    SingleChildRenderObjectElement.visitChildren (package:flutter/src/widgets/framework.dart:7104:14)
#178    _InactiveElements._unmount (package:flutter/src/widgets/framework.dart:2113:13)
#179    _InactiveElements._unmount.<anonymous closure> (package:flutter/src/widgets/framework.dart:2115:7)
#180    ComponentElement.visitChildren (package:flutter/src/widgets/framework.dart:5874:14)
#181    _InactiveElements._unmount (package:flutter/src/widgets/framework.dart:2113:13)
#182    _InactiveElements._unmount.<anonymous closure> (package:flutter/src/widgets/framework.dart:2115:7)
#183    ComponentElement.visitChildren (package:flutter/src/widgets/framework.dart:5874:14)
#184    _InactiveElements._unmount (package:flutter/src/widgets/framework.dart:2113:13)
#185    _InactiveElements._unmount.<anonymous closure> (package:flutter/src/widgets/framework.dart:2115:7)
#186    ComponentElement.visitChildren (package:flutter/src/widgets/framework.dart:5874:14)
#187    _InactiveElements._unmount (package:flutter/src/widgets/framework.dart:2113:13)
#188    _InactiveElements._unmount.<anonymous closure> (package:flutter/src/widgets/framework.dart:2115:7)
#189    ComponentElement.visitChildren (package:flutter/src/widgets/framework.dart:5874:14)
#190    _InactiveElements._unmount (package:flutter/src/widgets/framework.dart:2113:13)
#191    _InactiveElements._unmount.<anonymous closure> (package:flutter/src/widgets/framework.dart:2115:7)
#192    ComponentElement.visitChildren (package:flutter/src/widgets/framework.dart:5874:14)
#193    _InactiveElements._unmount (package:flutter/src/widgets/framework.dart:2113:13)
#194    _InactiveElements._unmount.<anonymous closure> (package:flutter/src/widgets/framework.dart:2115:7)
#195    ComponentElement.visitChildren (package:flutter/src/widgets/framework.dart:5874:14)
#196    _InactiveElements._unmount (package:flutter/src/widgets/framework.dart:2113:13)
#197    _InactiveElements._unmount.<anonymous closure> (package:flutter/src/widgets/framework.dart:2115:7)
#198    ComponentElement.visitChildren (package:flutter/src/widgets/framework.dart:5874:14)
#199    _InactiveElements._unmount (package:flutter/src/widgets/framework.dart:2113:13)
#200    _InactiveElements._unmount.<anonymous closure> (package:flutter/src/widgets/framework.dart:2115:7)
#201    ComponentElement.visitChildren (package:flutter/src/widgets/framework.dart:5874:14)
#202    _InactiveElements._unmount (package:flutter/src/widgets/framework.dart:2113:13)
#203    _InactiveElements._unmount.<anonymous closure> (package:flutter/src/widgets/framework.dart:2115:7)
#204    ComponentElement.visitChildren (package:flutter/src/widgets/framework.dart:5874:14)
#205    _InactiveElements._unmount (package:flutter/src/widgets/framework.dart:2113:13)
#206    _InactiveElements._unmount.<anonymous closure> (package:flutter/src/widgets/framework.dart:2115:7)
#207    ComponentElement.visitChildren (package:flutter/src/widgets/framework.dart:5874:14)
#208    _InactiveElements._unmount (package:flutter/src/widgets/framework.dart:2113:13)
#209    _InactiveElements._unmount.<anonymous closure> (package:flutter/src/widgets/framework.dart:2115:7)
#210    ComponentElement.visitChildren (package:flutter/src/widgets/framework.dart:5874:14)
#211    _InactiveElements._unmount (package:flutter/src/widgets/framework.dart:2113:13)
#212    _InactiveElements._unmount.<anonymous closure> (package:flutter/src/widgets/framework.dart:2115:7)
#213    ComponentElement.visitChildren (package:flutter/src/widgets/framework.dart:5874:14)
#214    _InactiveElements._unmount (package:flutter/src/widgets/framework.dart:2113:13)
#215    _InactiveElements._unmount.<anonymous closure> (package:flutter/src/widgets/framework.dart:2115:7)
#216    ComponentElement.visitChildren (package:flutter/src/widgets/framework.dart:5874:14)
#217    _InactiveElements._unmount (package:flutter/src/widgets/framework.dart:2113:13)
#218    _InactiveElements._unmount.<anonymous closure> (package:flutter/src/widgets/framework.dart:2115:7)
#219    ComponentElement.visitChildren (package:flutter/src/widgets/framework.dart:5874:14)
#220    _InactiveElements._unmount (package:flutter/src/widgets/framework.dart:2113:13)
#221    _InactiveElements._unmount.<anonymous closure> (package:flutter/src/widgets/framework.dart:2115:7)
#222    ComponentElement.visitChildren (package:flutter/src/widgets/framework.dart:5874:14)
#223    _InactiveElements._unmount (package:flutter/src/widgets/framework.dart:2113:13)
#224    _InactiveElements._unmount.<anonymous closure> (package:flutter/src/widgets/framework.dart:2115:7)
#225    ComponentElement.visitChildren (package:flutter/src/widgets/framework.dart:5874:14)
#226    _InactiveElements._unmount (package:flutter/src/widgets/framework.dart:2113:13)
#227    _InactiveElements._unmount.<anonymous closure> (package:flutter/src/widgets/framework.dart:2115:7)
#228    ComponentElement.visitChildren (package:flutter/src/widgets/framework.dart:5874:14)
#229    _InactiveElements._unmount (package:flutter/src/widgets/framework.dart:2113:13)
#230    _InactiveElements._unmount.<anonymous closure> (package:flutter/src/widgets/framework.dart:2115:7)
#231    ComponentElement.visitChildren (package:flutter/src/widgets/framework.dart:5874:14)
#232    _InactiveElements._unmount (package:flutter/src/widgets/framework.dart:2113:13)
#233    _InactiveElements._unmount.<anonymous closure> (package:flutter/src/widgets/framework.dart:2115:7)
#234    ComponentElement.visitChildren (package:flutter/src/widgets/framework.dart:5874:14)
#235    _InactiveElements._unmount (package:flutter/src/widgets/framework.dart:2113:13)
#236    _InactiveElements._unmount.<anonymous closure> (package:flutter/src/widgets/framework.dart:2115:7)
#237    ComponentElement.visitChildren (package:flutter/src/widgets/framework.dart:5874:14)
#238    _InactiveElements._unmount (package:flutter/src/widgets/framework.dart:2113:13)
#239    _InactiveElements._unmount.<anonymous closure> (package:flutter/src/widgets/framework.dart:2115:7)
#240    ComponentElement.visitChildren (package:flutter/src/widgets/framework.dart:5874:14)
#241    _InactiveElements._unmount (package:flutter/src/widgets/framework.dart:2113:13)
#242    _InactiveElements._unmount.<anonymous closure> (package:flutter/src/widgets/framework.dart:2115:7)
#243    ComponentElement.visitChildren (package:flutter/src/widgets/framework.dart:5874:14)
#244    _InactiveElements._unmount (package:flutter/src/widgets/framework.dart:2113:13)
#245    _InactiveElements._unmount.<anonymous closure> (package:flutter/src/widgets/framework.dart:2115:7)
#246    ComponentElement.visitChildren (package:flutter/src/widgets/framework.dart:5874:14)
#247    _InactiveElements._unmount (package:flutter/src/widgets/framework.dart:2113:13)
#248    _InactiveElements._unmount.<anonymous closure> (package:flutter/src/widgets/framework.dart:2115:7)
#249    ComponentElement.visitChildren (package:flutter/src/widgets/framework.dart:5874:14)
#250    _InactiveElements._unmount (package:flutter/src/widgets/framework.dart:2113:13)
#251    _InactiveElements._unmount.<anonymous closure> (package:flutter/src/widgets/framework.dart:2115:7)
#252    ComponentElement.visitChildren (package:flutter/src/widgets/framework.dart:5874:14)
#253    _InactiveElements._unmount (package:flutter/src/widgets/framework.dart:2113:13)
#254    _InactiveElements._unmount.<anonymous closure> (package:flutter/src/widgets/framework.dart:2115:7)
#255    SingleChildRenderObjectElement.visitChildren (package:flutter/src/widgets/framework.dart:7104:14)
#256    _InactiveElements._unmount (package:flutter/src/widgets/framework.dart:2113:13)
#257    _InactiveElements._unmount.<anonymous closure> (package:flutter/src/widgets/framework.dart:2115:7)
#258    ComponentElement.visitChildren (package:flutter/src/widgets/framework.dart:5874:14)
#259    _InactiveElements._unmount (package:flutter/src/widgets/framework.dart:2113:13)
#260    _InactiveElements._unmount.<anonymous closure> (package:flutter/src/widgets/framework.dart:2115:7)
#261    ComponentElement.visitChildren (package:flutter/src/widgets/framework.dart:5874:14)
#262    _InactiveElements._unmount (package:flutter/src/widgets/framework.dart:2113:13)
#263    _InactiveElements._unmount.<anonymous closure> (package:flutter/src/widgets/framework.dart:2115:7)
#264    ComponentElement.visitChildren (package:flutter/src/widgets/framework.dart:5874:14)
#265    _InactiveElements._unmount (package:flutter/src/widgets/framework.dart:2113:13)
#266    _InactiveElements._unmount.<anonymous closure> (package:flutter/src/widgets/framework.dart:2115:7)
#267    ComponentElement.visitChildren (package:flutter/src/widgets/framework.dart:5874:14)
#268    _InactiveElements._unmount (package:flutter/src/widgets/framework.dart:2113:13)
#269    _InactiveElements._unmount.<anonymous closure> (package:flutter/src/widgets/framework.dart:2115:7)
#270    ComponentElement.visitChildren (package:flutter/src/widgets/framework.dart:5874:14)
#271    _InactiveElements._unmount (package:flutter/src/widgets/framework.dart:2113:13)
#272    _InactiveElements._unmount.<anonymous closure> (package:flutter/src/widgets/framework.dart:2115:7)
#273    SingleChildRenderObjectElement.visitChildren (package:flutter/src/widgets/framework.dart:7104:14)
#274    _InactiveElements._unmount (package:flutter/src/widgets/framework.dart:2113:13)
#275    _InactiveElements._unmount.<anonymous closure> (package:flutter/src/widgets/framework.dart:2115:7)
#276    ComponentElement.visitChildren (package:flutter/src/widgets/framework.dart:5874:14)
#277    _InactiveElements._unmount (package:flutter/src/widgets/framework.dart:2113:13)
#278    _InactiveElements._unmount.<anonymous closure> (package:flutter/src/widgets/framework.dart:2115:7)
#279    ComponentElement.visitChildren (package:flutter/src/widgets/framework.dart:5874:14)
#280    _InactiveElements._unmount (package:flutter/src/widgets/framework.dart:2113:13)
#281    _InactiveElements._unmount.<anonymous closure> (package:flutter/src/widgets/framework.dart:2115:7)
#282    SingleChildRenderObjectElement.visitChildren (package:flutter/src/widgets/framework.dart:7104:14)
#283    _InactiveElements._unmount (package:flutter/src/widgets/framework.dart:2113:13)
#284    _InactiveElements._unmount.<anonymous closure> (package:flutter/src/widgets/framework.dart:2115:7)
#285    ComponentElement.visitChildren (package:flutter/src/widgets/framework.dart:5874:14)
#286    _InactiveElements._unmount (package:flutter/src/widgets/framework.dart:2113:13)
#287    _InactiveElements._unmount.<anonymous closure> (package:flutter/src/widgets/framework.dart:2115:7)
#288    ComponentElement.visitChildren (package:flutter/src/widgets/framework.dart:5874:14)
#289    _InactiveElements._unmount (package:flutter/src/widgets/framework.dart:2113:13)
#290    _InactiveElements._unmount.<anonymous closure> (package:flutter/src/widgets/framework.dart:2115:7)
#291    ComponentElement.visitChildren (package:flutter/src/widgets/framework.dart:5874:14)
#292    _InactiveElements._unmount (package:flutter/src/widgets/framework.dart:2113:13)
#293    _InactiveElements._unmount.<anonymous closure> (package:flutter/src/widgets/framework.dart:2115:7)
#294    ComponentElement.visitChildren (package:flutter/src/widgets/framework.dart:5874:14)
#295    _InactiveElements._unmount (package:flutter/src/widgets/framework.dart:2113:13)
#296    _InactiveElements._unmount.<anonymous closure> (package:flutter/src/widgets/framework.dart:2115:7)
#297    ComponentElement.visitChildren (package:flutter/src/widgets/framework.dart:5874:14)
#298    _InactiveElements._unmount (package:flutter/src/widgets/framework.dart:2113:13)
#299    _InactiveElements._unmount.<anonymous closure> (package:flutter/src/widgets/framework.dart:2115:7)
#300    SingleChildRenderObjectElement.visitChildren (package:flutter/src/widgets/framework.dart:7104:14)
#301    _InactiveElements._unmount (package:flutter/src/widgets/framework.dart:2113:13)
#302    _InactiveElements._unmount.<anonymous closure> (package:flutter/src/widgets/framework.dart:2115:7)
#303    ComponentElement.visitChildren (package:flutter/src/widgets/framework.dart:5874:14)
#304    _InactiveElements._unmount (package:flutter/src/widgets/framework.dart:2113:13)
#305    _InactiveElements._unmount.<anonymous closure> (package:flutter/src/widgets/framework.dart:2115:7)
#306    ComponentElement.visitChildren (package:flutter/src/widgets/framework.dart:5874:14)
#307    _InactiveElements._unmount (package:flutter/src/widgets/framework.dart:2113:13)
#308    _InactiveElements._unmount.<anonymous closure> (package:flutter/src/widgets/framework.dart:2115:7)
#309    ComponentElement.visitChildren (package:flutter/src/widgets/framework.dart:5874:14)
#310    _InactiveElements._unmount (package:flutter/src/widgets/framework.dart:2113:13)
#311    _InactiveElements._unmount.<anonymous closure> (package:flutter/src/widgets/framework.dart:2115:7)
#312    ComponentElement.visitChildren (package:flutter/src/widgets/framework.dart:5874:14)
#313    _InactiveElements._unmount (package:flutter/src/widgets/framework.dart:2113:13)
#314    _InactiveElements._unmount.<anonymous closure> (package:flutter/src/widgets/framework.dart:2115:7)
#315    ComponentElement.visitChildren (package:flutter/src/widgets/framework.dart:5874:14)
#316    _InactiveElements._unmount (package:flutter/src/widgets/framework.dart:2113:13)
#317    _InactiveElements._unmount.<anonymous closure> (package:flutter/src/widgets/framework.dart:2115:7)
#318    SingleChildRenderObjectElement.visitChildren (package:flutter/src/widgets/framework.dart:7104:14)
#319    _InactiveElements._unmount (package:flutter/src/widgets/framework.dart:2113:13)
#320    _InactiveElements._unmount.<anonymous closure> (package:flutter/src/widgets/framework.dart:2115:7)
#321    ComponentElement.visitChildren (package:flutter/src/widgets/framework.dart:5874:14)
#322    _InactiveElements._unmount (package:flutter/src/widgets/framework.dart:2113:13)
#323    _InactiveElements._unmount.<anonymous closure> (package:flutter/src/widgets/framework.dart:2115:7)
#324    ComponentElement.visitChildren (package:flutter/src/widgets/framework.dart:5874:14)
#325    _InactiveElements._unmount (package:flutter/src/widgets/framework.dart:2113:13)
#326    _InactiveElements._unmount.<anonymous closure> (package:flutter/src/widgets/framework.dart:2115:7)
#327    ComponentElement.visitChildren (package:flutter/src/widgets/framework.dart:5874:14)
#328    _InactiveElements._unmount (package:flutter/src/widgets/framework.dart:2113:13)
#329    _InactiveElements._unmount.<anonymous closure> (package:flutter/src/widgets/framework.dart:2115:7)
#330    ComponentElement.visitChildren (package:flutter/src/widgets/framework.dart:5874:14)
#331    _InactiveElements._unmount (package:flutter/src/widgets/framework.dart:2113:13)
#332    _InactiveElements._unmount.<anonymous closure> (package:flutter/src/widgets/framework.dart:2115:7)
#333    SingleChildRenderObjectElement.visitChildren (package:flutter/src/widgets/framework.dart:7104:14)
#334    _InactiveElements._unmount (package:flutter/src/widgets/framework.dart:2113:13)
#335    _InactiveElements._unmount.<anonymous closure> (package:flutter/src/widgets/framework.dart:2115:7)
#336    ComponentElement.visitChildren (package:flutter/src/widgets/framework.dart:5874:14)
#337    _InactiveElements._unmount (package:flutter/src/widgets/framework.dart:2113:13)
#338    _InactiveElements._unmount.<anonymous closure> (package:flutter/src/widgets/framework.dart:2115:7)
#339    ComponentElement.visitChildren (package:flutter/src/widgets/framework.dart:5874:14)
#340    _InactiveElements._unmount (package:flutter/src/widgets/framework.dart:2113:13)
#341    _InactiveElements._unmount.<anonymous closure> (package:flutter/src/widgets/framework.dart:2115:7)
#342    ComponentElement.visitChildren (package:flutter/src/widgets/framework.dart:5874:14)
#343    _InactiveElements._unmount (package:flutter/src/widgets/framework.dart:2113:13)
#344    _InactiveElements._unmount.<anonymous closure> (package:flutter/src/widgets/framework.dart:2115:7)
#345    ComponentElement.visitChildren (package:flutter/src/widgets/framework.dart:5874:14)
#346    _InactiveElements._unmount (package:flutter/src/widgets/framework.dart:2113:13)
#347    _InactiveElements._unmount.<anonymous closure> (package:flutter/src/widgets/framework.dart:2115:7)
#348    ComponentElement.visitChildren (package:flutter/src/widgets/framework.dart:5874:14)
#349    _InactiveElements._unmount (package:flutter/src/widgets/framework.dart:2113:13)
#350    _InactiveElements._unmount.<anonymous closure> (package:flutter/src/widgets/framework.dart:2115:7)
#351    ComponentElement.visitChildren (package:flutter/src/widgets/framework.dart:5874:14)
#352    _InactiveElements._unmount (package:flutter/src/widgets/framework.dart:2113:13)
#353    _InactiveElements._unmount.<anonymous closure> (package:flutter/src/widgets/framework.dart:2115:7)
#354    ComponentElement.visitChildren (package:flutter/src/widgets/framework.dart:5874:14)
#355    _InactiveElements._unmount (package:flutter/src/widgets/framework.dart:2113:13)
#356    _InactiveElements._unmount.<anonymous closure> (package:flutter/src/widgets/framework.dart:2115:7)
#357    ComponentElement.visitChildren (package:flutter/src/widgets/framework.dart:5874:14)
#358    _InactiveElements._unmount (package:flutter/src/widgets/framework.dart:2113:13)
#359    _InactiveElements._unmount.<anonymous closure> (package:flutter/src/widgets/framework.dart:2115:7)
#360    ComponentElement.visitChildren (package:flutter/src/widgets/framework.dart:5874:14)
#361    _InactiveElements._unmount (package:flutter/src/widgets/framework.dart:2113:13)
#362    _InactiveElements._unmount.<anonymous closure> (package:flutter/src/widgets/framework.dart:2115:7)
#363    ComponentElement.visitChildren (package:flutter/src/widgets/framework.dart:5874:14)
#364    _InactiveElements._unmount (package:flutter/src/widgets/framework.dart:2113:13)
#365    _InactiveElements._unmount.<anonymous closure> (package:flutter/src/widgets/framework.dart:2115:7)
#366    ComponentElement.visitChildren (package:flutter/src/widgets/framework.dart:5874:14)
#367    _InactiveElements._unmount (package:flutter/src/widgets/framework.dart:2113:13)
#368    _InactiveElements._unmount.<anonymous closure> (package:flutter/src/widgets/framework.dart:2115:7)
#369    SingleChildRenderObjectElement.visitChildren (package:flutter/src/widgets/framework.dart:7104:14)
#370    _InactiveElements._unmount (package:flutter/src/widgets/framework.dart:2113:13)
#371    _InactiveElements._unmount.<anonymous closure> (package:flutter/src/widgets/framework.dart:2115:7)
#372    ComponentElement.visitChildren (package:flutter/src/widgets/framework.dart:5874:14)
#373    _InactiveElements._unmount (package:flutter/src/widgets/framework.dart:2113:13)
#374    _InactiveElements._unmount.<anonymous closure> (package:flutter/src/widgets/framework.dart:2115:7)
#375    ComponentElement.visitChildren (package:flutter/src/widgets/framework.dart:5874:14)
#376    _InactiveElements._unmount (package:flutter/src/widgets/framework.dart:2113:13)
#377    _InactiveElements._unmount.<anonymous closure> (package:flutter/src/widgets/framework.dart:2115:7)
#378    ComponentElement.visitChildren (package:flutter/src/widgets/framework.dart:5874:14)
#379    _InactiveElements._unmount (package:flutter/src/widgets/framework.dart:2113:13)
#380    _InactiveElements._unmount.<anonymous closure> (package:flutter/src/widgets/framework.dart:2115:7)
#381    ComponentElement.visitChildren (package:flutter/src/widgets/framework.dart:5874:14)
#382    _InactiveElements._unmount (package:flutter/src/widgets/framework.dart:2113:13)
#383    _InactiveElements._unmount.<anonymous closure> (package:flutter/src/widgets/framework.dart:2115:7)
#384    ComponentElement.visitChildren (package:flutter/src/widgets/framework.dart:5874:14)
#385    _InactiveElements._unmount (package:flutter/src/widgets/framework.dart:2113:13)
#386    _InactiveElements._unmount.<anonymous closure> (package:flutter/src/widgets/framework.dart:2115:7)
#387    ComponentElement.visitChildren (package:flutter/src/widgets/framework.dart:5874:14)
#388    _InactiveElements._unmount (package:flutter/src/widgets/framework.dart:2113:13)
#389    _InactiveElements._unmount.<anonymous closure> (package:flutter/src/widgets/framework.dart:2115:7)
#390    ComponentElement.visitChildren (package:flutter/src/widgets/framework.dart:5874:14)
#391    _InactiveElements._unmount (package:flutter/src/widgets/framework.dart:2113:13)
#392    _InactiveElements._unmount.<anonymous closure> (package:flutter/src/widgets/framework.dart:2115:7)
#393    ComponentElement.visitChildren (package:flutter/src/widgets/framework.dart:5874:14)
#394    _InactiveElements._unmount (package:flutter/src/widgets/framework.dart:2113:13)
#395    ListIterable.forEach (dart:_internal/iterable.dart:49:13)
#396    _InactiveElements._unmountAll (package:flutter/src/widgets/framework.dart:2126:25)
#397    BuildOwner.lockState (package:flutter/src/widgets/framework.dart:3020:15)
#398    BuildOwner.finalizeTree (package:flutter/src/widgets/framework.dart:3344:7)
#399    AutomatedTestWidgetsFlutterBinding.drawFrame (package:flutter_test/src/binding.dart:1528:19)
#400    RendererBinding._handlePersistentFrameCallback (package:flutter/src/rendering/binding.dart:495:5)
#401    SchedulerBinding._invokeFrameCallback (package:flutter/src/scheduler/binding.dart:1434:15)
#402    SchedulerBinding.handleDrawFrame (package:flutter/src/scheduler/binding.dart:1347:9)
#403    AutomatedTestWidgetsFlutterBinding.scheduleWarmUpFrame (package:flutter_test/src/binding.dart:1432:5)
#404    _runWidget (package:flutter/src/widgets/binding.dart:1643:7)
#405    runApp (package:flutter/src/widgets/binding.dart:1576:3)
#406    TestWidgetsFlutterBinding._runTestBody (package:flutter_test/src/binding.dart:1066:7)
<asynchronous suspension>
<asynchronous suspension>
(elided one frame from package:stack_trace)
════════════════════════════════════════════════════════════════════════════════════════════════════
══╡ EXCEPTION CAUGHT BY FLUTTER TEST FRAMEWORK ╞════════════════════════════════════════════════════
The following assertion was thrown running a test:
A Timer is still pending even after the widget tree was disposed.
'package:flutter_test/src/binding.dart':
Failed assertion: line 1617 pos 12: '!timersPending'

When the exception was thrown, this was the stack:
#2      AutomatedTestWidgetsFlutterBinding._verifyInvariants (package:flutter_test/src/binding.dart:1617:12)
#3      TestWidgetsFlutterBinding._runTestBody (package:flutter_test/src/binding.dart:1078:7)
<asynchronous suspension>
<asynchronous suspension>
(elided 3 frames from class _AssertionError and package:stack_trace)

The test description was:
  /projects/:id/settings показывает ProjectSettingsScreen
════════════════════════════════════════════════════════════════════════════════════════════════════
══╡ EXCEPTION CAUGHT BY FLUTTER TEST FRAMEWORK ╞════════════════════════════════════════════════════
The following message was thrown:
Multiple exceptions (2) were detected during the running of the current test, and at least one was
unexpected.
════════════════════════════════════════════════════════════════════════════════════════════════════
00:01 +0 -1: /projects/:id/settings показывает ProjectSettingsScreen [E]                                                                                                                               
  Test failed. See exception logs above.
  The test description was: /projects/:id/settings показывает ProjectSettingsScreen
  

To run this test again: /opt/homebrew/share/flutter/bin/cache/dart-sdk/bin/dart test /Users/santy/Projects/devteam/code/devteam/frontend/test/core/routing/project_dashboard_routes_test.dart -p vm --plain-name '/projects/:id/settings показывает ProjectSettingsScreen'
00:01 +0 -1: Some tests failed.                                                                                                                                                                        
